Product: MDK-ARM Standard 5.10
Component: ARM Compiler 5.04 update 1 (build 49)
Tool: armlink [5040049]

==============================================================================

Section Cross References

    main.o(.text) refers to _printf_percent.o(.ARM.Collect$$_printf_percent$$00000000) for _printf_percent
    main.o(.text) refers to _printf_d.o(.ARM.Collect$$_printf_percent$$00000009) for _printf_d
    main.o(.text) refers to _printf_dec.o(.text) for _printf_int_dec
    main.o(.text) refers to os_cpu_a.o(.text) for OS_CPU_SR_Save
    main.o(.text) refers to inv_mpu.o(.text) for mpu_dmp_get_data
    main.o(.text) refers to control.o(.text) for PIDPID
    main.o(.text) refers to delay.o(.text) for delay_ms
    main.o(.text) refers to rc.o(.text) for RC_anl
    main.o(.text) refers to nrf_upload.o(.text) for Upload_01
    main.o(.text) refers to noretval__2printf.o(.text) for __2printf
    main.o(.text) refers to os_core.o(.text) for OSStatInit
    main.o(.text) refers to os_task.o(.text) for OSTaskCreate
    main.o(.text) refers to sys.o(.text) for NVIC_Configuration
    main.o(.text) refers to led.o(.text) for LED_Init
    main.o(.text) refers to usart.o(.text) for uart_init
    main.o(.text) refers to myiic.o(.text) for IIC_Init
    main.o(.text) refers to mpu6050.o(.text) for MPU_Init
    main.o(.text) refers to spi1_24l01.o(.text) for SPI1_NRF24L01_Init
    main.o(.text) refers to main.o(.bss) for Q_GYRO
    main.o(.text) refers to os_core.o(.data) for OSCPUUsage
    system_stm32f10x.o(.text) refers to system_stm32f10x.o(.data) for SystemCoreClock
    control.o(.text) refers to frleqf.o(x$fpl$frleqf) for __aeabi_cfrcmple
    control.o(.text) refers to fflt_clz.o(x$fpl$fflt) for __aeabi_i2f
    control.o(.text) refers to faddsub_clz.o(x$fpl$fsub) for __aeabi_fsub
    control.o(.text) refers to faddsub_clz.o(x$fpl$fadd) for __aeabi_fadd
    control.o(.text) refers to fmul.o(x$fpl$fmul) for __aeabi_fmul
    control.o(.text) refers to ffixu.o(x$fpl$ffixu) for __aeabi_f2uiz
    control.o(.text) refers to fleqf.o(x$fpl$fleqf) for __aeabi_cfcmple
    control.o(.text) refers to stm32f10x_tim.o(.text) for TIM_SetCompare1
    control.o(.text) refers to main.o(.bss) for RC_GET
    control.o(.text) refers to control.o(.data) for OUTPID_integration_roll
    control.o(.text) refers to main.o(.data) for armed
    rc.o(.text) refers to dflt_clz.o(x$fpl$dflt) for __aeabi_i2d
    rc.o(.text) refers to ddiv.o(x$fpl$ddiv) for __aeabi_ddiv
    rc.o(.text) refers to dfix.o(x$fpl$dfix) for __aeabi_d2iz
    rc.o(.text) refers to fflt_clz.o(x$fpl$ffltu) for __aeabi_ui2f
    rc.o(.text) refers to faddsub_clz.o(x$fpl$fsub) for __aeabi_fsub
    rc.o(.text) refers to f2d.o(x$fpl$f2d) for __aeabi_f2d
    rc.o(.text) refers to d2f.o(x$fpl$d2f) for __aeabi_d2f
    rc.o(.text) refers to misc.o(.text) for NVIC_Init
    rc.o(.text) refers to stm32f10x_rcc.o(.text) for RCC_APB1PeriphClockCmd
    rc.o(.text) refers to stm32f10x_gpio.o(.text) for GPIO_Init
    rc.o(.text) refers to stm32f10x_tim.o(.text) for TIM_TimeBaseInit
    rc.o(.text) refers to os_core.o(.text) for OSIntEnter
    rc.o(.text) refers to rc.o(.bss) for RC_CH
    rc.o(.text) refers to main.o(.data) for armed
    rc.o(.text) refers to control.o(.data) for IN_P
    rc.o(.text) refers to rc.o(.data) for armed_flag
    timer.o(.text) refers to stm32f10x_rcc.o(.text) for RCC_APB1PeriphClockCmd
    timer.o(.text) refers to stm32f10x_tim.o(.text) for TIM_TimeBaseInit
    timer.o(.text) refers to misc.o(.text) for NVIC_Init
    timer.o(.text) refers to stm32f10x_gpio.o(.text) for GPIO_PinRemapConfig
    led.o(.text) refers to stm32f10x_rcc.o(.text) for RCC_APB2PeriphClockCmd
    led.o(.text) refers to stm32f10x_gpio.o(.text) for GPIO_Init
    delay.o(.text) refers to os_core.o(.text) for OSIntEnter
    delay.o(.text) refers to misc.o(.text) for SysTick_CLKSourceConfig
    delay.o(.text) refers to os_time.o(.text) for OSTimeDly
    delay.o(.text) refers to system_stm32f10x.o(.data) for SystemCoreClock
    delay.o(.text) refers to delay.o(.data) for fac_us
    delay.o(.text) refers to os_core.o(.data) for OSRunning
    sys.o(.text) refers to misc.o(.text) for NVIC_PriorityGroupConfig
    usart.o(.text) refers (Special) to use_no_semi_2.o(.text) for __use_no_semihosting
    usart.o(.text) refers to stm32f10x_rcc.o(.text) for RCC_APB2PeriphClockCmd
    usart.o(.text) refers to stm32f10x_gpio.o(.text) for GPIO_Init
    usart.o(.text) refers to misc.o(.text) for NVIC_Init
    usart.o(.text) refers to stm32f10x_usart.o(.text) for USART_Init
    usart.o(.bss) refers (Special) to use_no_semi_2.o(.text) for __use_no_semihosting
    usart.o(.data) refers (Special) to use_no_semi_2.o(.text) for __use_no_semihosting
    startup_stm32f10x_hd.o(STACK) refers (Special) to heapauxi.o(.text) for __use_two_region_memory
    startup_stm32f10x_hd.o(HEAP) refers (Special) to heapauxi.o(.text) for __use_two_region_memory
[...]
    __rt_lib_shutdown_heap_1                 0x080001bb   Thumb Code     0  libshutdown2.o(.ARM.Collect$$libshutdown$$0000000E)
    __rt_lib_shutdown_return                 0x080001bb   Thumb Code     0  libshutdown2.o(.ARM.Collect$$libshutdown$$0000000F)
    __rt_lib_shutdown_signal_1               0x080001bb   Thumb Code     0  libshutdown2.o(.ARM.Collect$$libshutdown$$00000009)
    __rt_lib_shutdown_stdio_1                0x080001bb   Thumb Code     0  libshutdown2.o(.ARM.Collect$$libshutdown$$00000003)
    __rt_lib_shutdown_user_alloc_1           0x080001bb   Thumb Code     0  libshutdown2.o(.ARM.Collect$$libshutdown$$0000000B)
    __rt_entry                               0x080001bd   Thumb Code     0  rtentry.o(.ARM.Collect$$rtentry$$00000000)
    __rt_entry_presh_1                       0x080001bd   Thumb Code     0  rtentry2.o(.ARM.Collect$$rtentry$$00000002)
    __rt_entry_sh                            0x080001bd   Thumb Code     0  rtentry4.o(.ARM.Collect$$rtentry$$00000004)
    __rt_entry_li                            0x080001c3   Thumb Code     0  rtentry2.o(.ARM.Collect$$rtentry$$0000000A)
    __rt_entry_postsh_1                      0x080001c3   Thumb Code     0  rtentry2.o(.ARM.Collect$$rtentry$$00000009)
    __rt_entry_main                          0x080001c7   Thumb Code     0  rtentry2.o(.ARM.Collect$$rtentry$$0000000D)
    __rt_entry_postli_1                      0x080001c7   Thumb Code     0  rtentry2.o(.ARM.Collect$$rtentry$$0000000C)
    __rt_exit                                0x080001cf   Thumb Code     0  rtexit.o(.ARM.Collect$$rtexit$$00000000)
    __rt_exit_ls                             0x080001d1   Thumb Code     0  rtexit2.o(.ARM.Collect$$rtexit$$00000003)
    __rt_exit_prels_1                        0x080001d1   Thumb Code     0  rtexit2.o(.ARM.Collect$$rtexit$$00000002)
    __rt_exit_exit                           0x080001d5   Thumb Code     0  rtexit2.o(.ARM.Collect$$rtexit$$00000004)
    control_task                             0x080001dd   Thumb Code    38  main.o(.text)
    rcanl_task                               0x08000203   Thumb Code    32  main.o(.text)
    upload_task                              0x08000223   Thumb Code    40  main.o(.text)
    start_task                               0x0800024b   Thumb Code    74  main.o(.text)
    main                                     0x08000295   Thumb Code    74  main.o(.text)
    SystemInit                               0x080003f3   Thumb Code    78  system_stm32f10x.o(.text)
    SystemCoreClockUpdate                    0x08000441   Thumb Code   142  system_stm32f10x.o(.text)
    NMI_Handler                              0x080004f5   Thumb Code     2  stm32f10x_it.o(.text)
    HardFault_Handler                        0x080004f7   Thumb Code     4  stm32f10x_it.o(.text)
    MemManage_Handler                        0x080004fb   Thumb Code     4  stm32f10x_it.o(.text)
    BusFault_Handler                         0x080004ff   Thumb Code     4  stm32f10x_it.o(.text)
    UsageFault_Handler                       0x08000503   Thumb Code     4  stm32f10x_it.o(.text)
    SVC_Handler                              0x08000507   Thumb Code     2  stm32f10x_it.o(.text)
    DebugMon_Handler                         0x08000509   Thumb Code     2  stm32f10x_it.o(.text)
    limit                                    0x0800050d   Thumb Code    38  control.o(.text)
    PIDPID                                   0x08000533   Thumb Code   860  control.o(.text)
    RC_anl                                   0x08000901   Thumb Code   316  rc.o(.text)
    TIM_RC_Init                              0x08000a3d   Thumb Code   476  rc.o(.text)
    TIM5_IRQHandler                          0x08000c19   Thumb Code   326  rc.o(.text)
    TIM4_IRQHandler                          0x08000d5f   Thumb Code   508  rc.o(.text)
    LED_Init                                 0x08000fa5   Thumb Code    68  led.o(.text)
    SysTick_Handler                          0x08000ff1   Thumb Code    16  delay.o(.text)
    delay_init                               0x08001001   Thumb Code    76  delay.o(.text)
    delay_us                                 0x0800104d   Thumb Code    70  delay.o(.text)
    delay_ms                                 0x08001093   Thumb Code    62  delay.o(.text)
    NVIC_Configuration                       0x080010e5   Thumb Code    12  sys.o(.text)
    _sys_exit                                0x080010f1   Thumb Code     6  usart.o(.text)
    fputc                                    0x080010f7   Thumb Code    24  usart.o(.text)
    uart_init                                0x0800110f   Thumb Code   152  usart.o(.text)
    usart1_send_char                         0x080011a7   Thumb Code    28  usart.o(.text)
    Reset_Handler                            0x080011cd   Thumb Code     8  startup_stm32f10x_hd.o(.text)
    ADC1_2_IRQHandler                        0x080011e7   Thumb Code     0  startup_stm32f10x_hd.o(.text)
    ADC3_IRQHandler                          0x080011e7   Thumb Code     0  startup_stm32f10x_hd.o(.text)
    CAN1_RX1_IRQHandler                      0x080011e7   Thumb Code     0  startup_stm32f10x_hd.o(.text)
    CAN1_SCE_IRQHandler                      0x080011e7   Thumb Code     0  startup_stm32f10x_hd.o(.text)
    DMA1_Channel1_IRQHandler                 0x080011e7   Thumb Code     0  startup_stm32f10x_hd.o(.text)
    DMA1_Channel2_IRQHandler                 0x080011e7   Thumb Code     0  startup_stm32f10x_hd.o(.text)
    DMA1_Channel3_IRQHandler                 0x080011e7   Thumb Code     0  startup_stm32f10x_hd.o(.text)
    DMA1_Channel4_IRQHandler                 0x080011e7   Thumb Code     0  startup_stm32f10x_hd.o(.text)
    DMA1_Channel5_IRQHandler                 0x080011e7   Thumb Code     0  startup_stm32f10x_hd.o(.text)
    DMA1_Channel6_IRQHandler                 0x080011e7   Thumb Code     0  startup_stm32f10x_hd.o(.text)
    DMA1_Channel7_IRQHandler                 0x080011e7   Thumb Code     0  startup_stm32f10x_hd.o(.text)
    DMA2_Channel1_IRQHandler                 0x080011e7   Thumb Code     0  startup_stm32f10x_hd.o(.text)
    DMA2_Channel2_IRQHandler                 0x080011e7   Thumb Code     0  startup_stm32f10x_hd.o(.text)
    DMA2_Channel3_IRQHandler                 0x080011e7   Thumb Code     0  startup_stm32f10x_hd.o(.text)
    DMA2_Channel4_5_IRQHandler               0x080011e7   Thumb Code     0  startup_stm32f10x_hd.o(.text)
    EXTI0_IRQHandler                         0x080011e7   Thumb Code     0  startup_stm32f10x_hd.o(.text)
    EXTI15_10_IRQHandler                     0x080011e7   Thumb Code     0  startup_stm32f10x_hd.o(.text)
    EXTI1_IRQHandler                         0x080011e7   Thumb Code     0  startup_stm32f10x_hd.o(.text)
    EXTI2_IRQHandler                         0x080011e7   Thumb Code     0  startup_stm32f10x_hd.o(.text)
    EXTI3_IRQHandler                         0x080011e7   Thumb Code     0  startup_stm32f10x_hd.o(.text)
    EXTI4_IRQHandler                         0x080011e7   Thumb Code     0  startup_stm32f10x_hd.o(.text)
    EXTI9_5_IRQHandler                       0x080011e7   Thumb Code     0  startup_stm32f10x_hd.o(.text)
    FLASH_IRQHandler                         0x080011e7   Thumb Code     0  startup_stm32f10x_hd.o(.text)
    FSMC_IRQHandler                          0x080011e7   Thumb Code     0  startup_stm32f10x_hd.o(.text)
    I2C1_ER_IRQHandler                       0x080011e7   Thumb Code     0  startup_stm32f10x_hd.o(.text)
    I2C1_EV_IRQHandler                       0x080011e7   Thumb Code     0  startup_stm32f10x_hd.o(.text)
    I2C2_ER_IRQHandler                       0x080011e7   Thumb Code     0  startup_stm32f10x_hd.o(.text)
    I2C2_EV_IRQHandler                       0x080011e7   Thumb Code     0  startup_stm32f10x_hd.o(.text)
    PVD_IRQHandler                           0x080011e7   Thumb Code     0  startup_stm32f10x_hd.o(.text)
    RCC_IRQHandler                           0x080011e7   Thumb Code     0  startup_stm32f10x_hd.o(.text)
    RTCAlarm_IRQHandler                      0x080011e7   Thumb Code     0  startup_stm32f10x_hd.o(.text)
    RTC_IRQHandler                           0x080011e7   Thumb Code     0  startup_stm32f10x_hd.o(.text)
    SDIO_IRQHandler                          0x080011e7   Thumb Code     0  startup_stm32f10x_hd.o(.text)
    SPI1_IRQHandler                          0x080011e7   Thumb Code     0  startup_stm32f10x_hd.o(.text)
    SPI2_IRQHandler                          0x080011e7   Thumb Code     0  startup_stm32f10x_hd.o(.text)
    SPI3_IRQHandler                          0x080011e7   Thumb Code     0  startup_stm32f10x_hd.o(.text)
    TAMPER_IRQHandler                        0x080011e7   Thumb Code     0  startup_stm32f10x_hd.o(.text)
    TIM1_BRK_IRQHandler                      0x080011e7   Thumb Code     0  startup_stm32f10x_hd.o(.text)
    TIM1_CC_IRQHandler                       0x080011e7   Thumb Code     0  startup_stm32f10x_hd.o(.text)
    TIM1_TRG_COM_IRQHandler                  0x080011e7   Thumb Code     0  startup_stm32f10x_hd.o(.text)
    TIM1_UP_IRQHandler                       0x080011e7   Thumb Code     0  startup_stm32f10x_hd.o(.text)
    TIM2_IRQHandler                          0x080011e7   Thumb Code     0  startup_stm32f10x_hd.o(.text)
    TIM3_IRQHandler                          0x080011e7   Thumb Code     0  startup_stm32f10x_hd.o(.text)
    TIM6_IRQHandler                          0x080011e7   Thumb Code     0  startup_stm32f10x_hd.o(.text)
    TIM7_IRQHandler                          0x080011e7   Thumb Code     0  startup_stm32f10x_hd.o(.text)
    TIM8_BRK_IRQHandler                      0x080011e7   Thumb Code     0  startup_stm32f10x_hd.o(.text)
    TIM8_CC_IRQHandler                       0x080011e7   Thumb Code     0  startup_stm32f10x_hd.o(.text)
    TIM8_TRG_COM_IRQHandler                  0x080011e7   Thumb Code     0  startup_stm32f10x_hd.o(.text)
    TIM8_UP_IRQHandler                       0x080011e7   Thumb Code     0  startup_stm32f10x_hd.o(.text)
    UART4_IRQHandler                         0x080011e7   Thumb Code     0  startup_stm32f10x_hd.o(.text)
    UART5_IRQHandler                         0x080011e7   Thumb Code     0  startup_stm32f10x_hd.o(.text)
    USART1_IRQHandler                        0x080011e7   Thumb Code     0  startup_stm32f10x_hd.o(.text)
    USART2_IRQHandler                        0x080011e7   Thumb Code     0  startup_stm32f10x_hd.o(.text)
    USART3_IRQHandler                        0x080011e7   Thumb Code     0  startup_stm32f10x_hd.o(.text)
    USBWakeUp_IRQHandler                     0x080011e7   Thumb Code     0  startup_stm32f10x_hd.o(.text)
    USB_HP_CAN1_TX_IRQHandler                0x080011e7   Thumb Code     0  startup_stm32f10x_hd.o(.text)
    USB_LP_CAN1_RX0_IRQHandler               0x080011e7   Thumb Code     0  startup_stm32f10x_hd.o(.text)
    WWDG_IRQHandler                          0x080011e7   Thumb Code     0  startup_stm32f10x_hd.o(.text)
    __user_initial_stackheap                 0x080011e9   Thumb Code     0  startup_stm32f10x_hd.o(.text)
    NVIC_PriorityGroupConfig                 0x0800120d   Thumb Code    10  misc.o(.text)
    NVIC_Init                                0x08001217   Thumb Code   100  misc.o(.text)
    NVIC_SetVectorTable                      0x0800127b   Thumb Code    14  misc.o(.text)
    NVIC_SystemLPConfig                      0x08001289   Thumb Code    34  misc.o(.text)
    SysTick_CLKSourceConfig                  0x080012ab   Thumb Code    40  misc.o(.text)
    GPIO_DeInit                              0x080012e9   Thumb Code   172  stm32f10x_gpio.o(.text)
    GPIO_AFIODeInit                          0x08001395   Thumb Code    20  stm32f10x_gpio.o(.text)
    GPIO_Init                                0x080013a9   Thumb Code   278  stm32f10x_gpio.o(.text)
    GPIO_StructInit                          0x080014bf   Thumb Code    16  stm32f10x_gpio.o(.text)
    GPIO_ReadInputDataBit                    0x080014cf   Thumb Code    18  stm32f10x_gpio.o(.text)
    GPIO_ReadInputData                       0x080014e1   Thumb Code     8  stm32f10x_gpio.o(.text)
    GPIO_ReadOutputDataBit                   0x080014e9   Thumb Code    18  stm32f10x_gpio.o(.text)
    GPIO_ReadOutputData                      0x080014fb   Thumb Code     8  stm32f10x_gpio.o(.text)
    GPIO_SetBits                             0x08001503   Thumb Code     4  stm32f10x_gpio.o(.text)
    GPIO_ResetBits                           0x08001507   Thumb Code     4  stm32f10x_gpio.o(.text)
    GPIO_WriteBit                            0x0800150b   Thumb Code    10  stm32f10x_gpio.o(.text)
    GPIO_Write                               0x08001515   Thumb Code     4  stm32f10x_gpio.o(.text)
    GPIO_PinLockConfig                       0x08001519   Thumb Code    18  stm32f10x_gpio.o(.text)
    GPIO_EventOutputConfig                   0x0800152b   Thumb Code    26  stm32f10x_gpio.o(.text)
    GPIO_EventOutputCmd                      0x08001545   Thumb Code     6  stm32f10x_gpio.o(.text)
    GPIO_PinRemapConfig                      0x0800154b   Thumb Code   138  stm32f10x_gpio.o(.text)
    GPIO_EXTILineConfig                      0x080015d5   Thumb Code    66  stm32f10x_gpio.o(.text)
    GPIO_ETH_MediaInterfaceConfig            0x08001617   Thumb Code     8  stm32f10x_gpio.o(.text)
    RCC_DeInit                               0x08001645   Thumb Code    64  stm32f10x_rcc.o(.text)
    RCC_HSEConfig                            0x08001685   Thumb Code    70  stm32f10x_rcc.o(.text)
    RCC_GetFlagStatus                        0x080016cb   Thumb Code    56  stm32f10x_rcc.o(.text)
    RCC_WaitForHSEStartUp                    0x08001703   Thumb Code    56  stm32f10x_rcc.o(.text)
    RCC_AdjustHSICalibrationValue            0x0800173b   Thumb Code    20  stm32f10x_rcc.o(.text)
    RCC_HSICmd                               0x0800174f   Thumb Code     6  stm32f10x_rcc.o(.text)
    RCC_PLLConfig                            0x08001755   Thumb Code    24  stm32f10x_rcc.o(.text)
    RCC_PLLCmd                               0x0800176d   Thumb Code     6  stm32f10x_rcc.o(.text)
    RCC_SYSCLKConfig                         0x08001773   Thumb Code    18  stm32f10x_rcc.o(.text)
    RCC_GetSYSCLKSource                      0x08001785   Thumb Code    10  stm32f10x_rcc.o(.text)
    RCC_HCLKConfig                           0x0800178f   Thumb Code    18  stm32f10x_rcc.o(.text)
    RCC_PCLK1Config                          0x080017a1   Thumb Code    18  stm32f10x_rcc.o(.text)
    RCC_PCLK2Config                          0x080017b3   Thumb Code    20  stm32f10x_rcc.o(.text)
    RCC_ITConfig                             0x080017c7   Thumb Code    26  stm32f10x_rcc.o(.text)
    RCC_USBCLKConfig                         0x080017e1   Thumb Code     8  stm32f10x_rcc.o(.text)
    RCC_ADCCLKConfig                         0x080017e9   Thumb Code    18  stm32f10x_rcc.o(.text)
    RCC_LSEConfig                            0x080017fb   Thumb Code    50  stm32f10x_rcc.o(.text)
    RCC_LSICmd                               0x0800182d   Thumb Code     6  stm32f10x_rcc.o(.text)
    RCC_RTCCLKConfig                         0x08001833   Thumb Code    12  stm32f10x_rcc.o(.text)
    RCC_RTCCLKCmd                            0x0800183f   Thumb Code     8  stm32f10x_rcc.o(.text)
    RCC_GetClocksFreq                        0x08001847   Thumb Code   192  stm32f10x_rcc.o(.text)
    RCC_AHBPeriphClockCmd                    0x08001907   Thumb Code    26  stm32f10x_rcc.o(.text)
    RCC_APB2PeriphClockCmd                   0x08001921   Thumb Code    26  stm32f10x_rcc.o(.text)
    RCC_APB1PeriphClockCmd                   0x0800193b   Thumb Code    26  stm32f10x_rcc.o(.text)
    RCC_APB2PeriphResetCmd                   0x08001955   Thumb Code    26  stm32f10x_rcc.o(.text)
    RCC_APB1PeriphResetCmd                   0x0800196f   Thumb Code    26  stm32f10x_rcc.o(.text)
    RCC_BackupResetCmd                       0x08001989   Thumb Code     8  stm32f10x_rcc.o(.text)
    RCC_ClockSecuritySystemCmd               0x08001991   Thumb Code     6  stm32f10x_rcc.o(.text)
    RCC_MCOConfig                            0x08001997   Thumb Code     6  stm32f10x_rcc.o(.text)
    RCC_ClearFlag                            0x0800199d   Thumb Code    14  stm32f10x_rcc.o(.text)
    RCC_GetITStatus                          0x080019ab   Thumb Code    20  stm32f10x_rcc.o(.text)
    RCC_ClearITPendingBit                    0x080019bf   Thumb Code     6  stm32f10x_rcc.o(.text)
    SPI_I2S_DeInit                           0x080019e9   Thumb Code    76  stm32f10x_spi.o(.text)
    SPI_Init                                 0x08001a35   Thumb Code    60  stm32f10x_spi.o(.text)
    I2S_Init                                 0x08001a71   Thumb Code   226  stm32f10x_spi.o(.text)
    SPI_StructInit                           0x08001b53   Thumb Code    24  stm32f10x_spi.o(.text)
    I2S_StructInit                           0x08001b6b   Thumb Code    20  stm32f10x_spi.o(.text)
    SPI_Cmd                                  0x08001b7f   Thumb Code    24  stm32f10x_spi.o(.text)
    I2S_Cmd                                  0x08001b97   Thumb Code    24  stm32f10x_spi.o(.text)
    SPI_I2S_ITConfig                         0x08001baf   Thumb Code    32  stm32f10x_spi.o(.text)
    SPI_I2S_DMACmd                           0x08001bcf   Thumb Code    18  stm32f10x_spi.o(.text)
    SPI_I2S_SendData                         0x08001be1   Thumb Code     4  stm32f10x_spi.o(.text)
    SPI_I2S_ReceiveData                      0x08001be5   Thumb Code     6  stm32f10x_spi.o(.text)
    SPI_NSSInternalSoftwareConfig            0x08001beb   Thumb Code    30  stm32f10x_spi.o(.text)
    SPI_SSOutputCmd                          0x08001c09   Thumb Code    24  stm32f10x_spi.o(.text)
    SPI_DataSizeConfig                       0x08001c21   Thumb Code    18  stm32f10x_spi.o(.text)
    SPI_TransmitCRC                          0x08001c33   Thumb Code    10  stm32f10x_spi.o(.text)
    SPI_CalculateCRC                         0x08001c3d   Thumb Code    24  stm32f10x_spi.o(.text)
    SPI_GetCRC                               0x08001c55   Thumb Code    16  stm32f10x_spi.o(.text)
    SPI_GetCRCPolynomial                     0x08001c65   Thumb Code     6  stm32f10x_spi.o(.text)
    SPI_BiDirectionalLineConfig              0x08001c6b   Thumb Code    28  stm32f10x_spi.o(.text)
    SPI_I2S_GetFlagStatus                    0x08001c87   Thumb Code    18  stm32f10x_spi.o(.text)
    SPI_I2S_ClearFlag                        0x08001c99   Thumb Code     6  stm32f10x_spi.o(.text)
    SPI_I2S_GetITStatus                      0x08001c9f   Thumb Code    52  stm32f10x_spi.o(.text)
    SPI_I2S_ClearITPendingBit                0x08001cd3   Thumb Code    20  stm32f10x_spi.o(.text)
    TIM_DeInit                               0x08001cf5   Thumb Code   424  stm32f10x_tim.o(.text)
    TIM_TimeBaseInit                         0x08001e9d   Thumb Code   122  stm32f10x_tim.o(.text)
    TIM_OC1Init                              0x08001f17   Thumb Code   132  stm32f10x_tim.o(.text)
    TIM_OC2Init                              0x08001f9b   Thumb Code   154  stm32f10x_tim.o(.text)
    TIM_OC3Init                              0x08002035   Thumb Code   150  stm32f10x_tim.o(.text)
    TIM_OC4Init                              0x080020cb   Thumb Code   182  stm32f10x_tim.o(.text)
    TIM_SetIC4Prescaler                      0x08002181   Thumb Code    26  stm32f10x_tim.o(.text)
    TIM_SetIC3Prescaler                      0x0800221d   Thumb Code    18  stm32f10x_tim.o(.text)
    TIM_SetIC2Prescaler                      0x080022a9   Thumb Code    26  stm32f10x_tim.o(.text)
    TIM_SetIC1Prescaler                      0x08002345   Thumb Code    18  stm32f10x_tim.o(.text)
    TIM_ICInit                               0x080023c3   Thumb Code   150  stm32f10x_tim.o(.text)
    TIM_PWMIConfig                           0x08002459   Thumb Code   124  stm32f10x_tim.o(.text)
    TIM_BDTRConfig                           0x080024d5   Thumb Code    32  stm32f10x_tim.o(.text)
    TIM_TimeBaseStructInit                   0x080024f5   Thumb Code    18  stm32f10x_tim.o(.text)
    TIM_OCStructInit                         0x08002507   Thumb Code    20  stm32f10x_tim.o(.text)
    TIM_ICStructInit                         0x0800251b   Thumb Code    18  stm32f10x_tim.o(.text)
    TIM_BDTRStructInit                       0x0800252d   Thumb Code    40  stm32f10x_tim.o(.text)
    TIM_Cmd                                  0x08002555   Thumb Code    24  stm32f10x_tim.o(.text)
    TIM_CtrlPWMOutputs                       0x0800256d   Thumb Code    30  stm32f10x_tim.o(.text)
    TIM_ITConfig                             0x0800258b   Thumb Code    18  stm32f10x_tim.o(.text)
    TIM_GenerateEvent                        0x0800259d   Thumb Code     4  stm32f10x_tim.o(.text)
    TIM_DMAConfig                            0x080025a1   Thumb Code    10  stm32f10x_tim.o(.text)
    TIM_DMACmd                               0x080025ab   Thumb Code    18  stm32f10x_tim.o(.text)
    TIM_InternalClockConfig                  0x080025bd   Thumb Code    12  stm32f10x_tim.o(.text)
    TIM_SelectInputTrigger                   0x080025c9   Thumb Code    18  stm32f10x_tim.o(.text)
    TIM_ITRxExternalClockConfig              0x080025db   Thumb Code    24  stm32f10x_tim.o(.text)
    TIM_TIxExternalClockConfig               0x080025f3   Thumb Code    62  stm32f10x_tim.o(.text)
    TIM_ETRConfig                            0x08002631   Thumb Code    28  stm32f10x_tim.o(.text)
    TIM_ETRClockMode1Config                  0x0800264d   Thumb Code    54  stm32f10x_tim.o(.text)
    TIM_ETRClockMode2Config                  0x08002683   Thumb Code    32  stm32f10x_tim.o(.text)
    TIM_PrescalerConfig                      0x080026a3   Thumb Code     6  stm32f10x_tim.o(.text)
    TIM_CounterModeConfig                    0x080026a9   Thumb Code    18  stm32f10x_tim.o(.text)
    TIM_EncoderInterfaceConfig               0x080026bb   Thumb Code    66  stm32f10x_tim.o(.text)
    TIM_ForcedOC1Config                      0x080026fd   Thumb Code    18  stm32f10x_tim.o(.text)
    TIM_ForcedOC2Config                      0x0800270f   Thumb Code    26  stm32f10x_tim.o(.text)
    TIM_ForcedOC3Config                      0x08002729   Thumb Code    18  stm32f10x_tim.o(.text)
    TIM_ForcedOC4Config                      0x0800273b   Thumb Code    26  stm32f10x_tim.o(.text)
    TIM_ARRPreloadConfig                     0x08002755   Thumb Code    24  stm32f10x_tim.o(.text)
    TIM_SelectCOM                            0x0800276d   Thumb Code    24  stm32f10x_tim.o(.text)
    TIM_SelectCCDMA                          0x08002785   Thumb Code    24  stm32f10x_tim.o(.text)
    TIM_CCPreloadControl                     0x0800279d   Thumb Code    24  stm32f10x_tim.o(.text)
    TIM_OC1PreloadConfig                     0x080027b5   Thumb Code    18  stm32f10x_tim.o(.text)
    TIM_OC2PreloadConfig                     0x080027c7   Thumb Code    26  stm32f10x_tim.o(.text)
    TIM_OC3PreloadConfig                     0x080027e1   Thumb Code    18  stm32f10x_tim.o(.text)
    TIM_OC4PreloadConfig                     0x080027f3   Thumb Code    26  stm32f10x_tim.o(.text)
    TIM_OC1FastConfig                        0x0800280d   Thumb Code    18  stm32f10x_tim.o(.text)
    TIM_OC2FastConfig                        0x0800281f   Thumb Code    26  stm32f10x_tim.o(.text)
    TIM_OC3FastConfig                        0x08002839   Thumb Code    18  stm32f10x_tim.o(.text)
    TIM_OC4FastConfig                        0x0800284b   Thumb Code    26  stm32f10x_tim.o(.text)
    TIM_ClearOC1Ref                          0x08002865   Thumb Code    18  stm32f10x_tim.o(.text)
    TIM_ClearOC2Ref                          0x08002877   Thumb Code    24  stm32f10x_tim.o(.text)
    TIM_ClearOC3Ref                          0x0800288f   Thumb Code    18  stm32f10x_tim.o(.text)
    TIM_ClearOC4Ref                          0x080028a1   Thumb Code    24  stm32f10x_tim.o(.text)
    TIM_OC1PolarityConfig                    0x080028b9   Thumb Code    18  stm32f10x_tim.o(.text)
    TIM_OC1NPolarityConfig                   0x080028cb   Thumb Code    18  stm32f10x_tim.o(.text)
    TIM_OC2PolarityConfig                    0x080028dd   Thumb Code    26  stm32f10x_tim.o(.text)
    TIM_OC2NPolarityConfig                   0x080028f7   Thumb Code    26  stm32f10x_tim.o(.text)
    TIM_OC3PolarityConfig                    0x08002911   Thumb Code    26  stm32f10x_tim.o(.text)
    TIM_OC3NPolarityConfig                   0x0800292b   Thumb Code    26  stm32f10x_tim.o(.text)
    TIM_OC4PolarityConfig                    0x08002945   Thumb Code    26  stm32f10x_tim.o(.text)
    TIM_CCxCmd                               0x0800295f   Thumb Code    30  stm32f10x_tim.o(.text)
    TIM_CCxNCmd                              0x0800297d   Thumb Code    30  stm32f10x_tim.o(.text)
    TIM_SelectOCxM                           0x0800299b   Thumb Code    82  stm32f10x_tim.o(.text)
    TIM_UpdateDisableConfig                  0x080029ed   Thumb Code    24  stm32f10x_tim.o(.text)
    TIM_UpdateRequestConfig                  0x08002a05   Thumb Code    24  stm32f10x_tim.o(.text)
    TIM_SelectHallSensor                     0x08002a1d   Thumb Code    24  stm32f10x_tim.o(.text)
    TIM_SelectOnePulseMode                   0x08002a35   Thumb Code    18  stm32f10x_tim.o(.text)
    TIM_SelectOutputTrigger                  0x08002a47   Thumb Code    18  stm32f10x_tim.o(.text)
    TIM_SelectSlaveMode                      0x08002a59   Thumb Code    18  stm32f10x_tim.o(.text)
    TIM_SelectMasterSlaveMode                0x08002a6b   Thumb Code    18  stm32f10x_tim.o(.text)
    TIM_SetCounter                           0x08002a7d   Thumb Code     4  stm32f10x_tim.o(.text)
    TIM_SetAutoreload                        0x08002a81   Thumb Code     4  stm32f10x_tim.o(.text)
    TIM_SetCompare1                          0x08002a85   Thumb Code     4  stm32f10x_tim.o(.text)
    TIM_SetCompare2                          0x08002a89   Thumb Code     4  stm32f10x_tim.o(.text)
    TIM_SetCompare3                          0x08002a8d   Thumb Code     4  stm32f10x_tim.o(.text)
    TIM_SetCompare4                          0x08002a91   Thumb Code     6  stm32f10x_tim.o(.text)
    TIM_SetClockDivision                     0x08002a97   Thumb Code    18  stm32f10x_tim.o(.text)
    TIM_GetCapture1                          0x08002aa9   Thumb Code     6  stm32f10x_tim.o(.text)
    TIM_GetCapture2                          0x08002aaf   Thumb Code     6  stm32f10x_tim.o(.text)
    TIM_GetCapture3                          0x08002ab5   Thumb Code     6  stm32f10x_tim.o(.text)
    TIM_GetCapture4                          0x08002abb   Thumb Code     8  stm32f10x_tim.o(.text)
    TIM_GetCounter                           0x08002ac3   Thumb Code     6  stm32f10x_tim.o(.text)
    TIM_GetPrescaler                         0x08002ac9   Thumb Code     6  stm32f10x_tim.o(.text)
    TIM_GetFlagStatus                        0x08002acf   Thumb Code    18  stm32f10x_tim.o(.text)
    TIM_ClearFlag                            0x08002ae1   Thumb Code     6  stm32f10x_tim.o(.text)
    TIM_GetITStatus                          0x08002ae7   Thumb Code    34  stm32f10x_tim.o(.text)
    TIM_ClearITPendingBit                    0x08002b09   Thumb Code     6  stm32f10x_tim.o(.text)
    USART_DeInit                             0x08002b11   Thumb Code   134  stm32f10x_usart.o(.text)
    USART_Init                               0x08002b97   Thumb Code   210  stm32f10x_usart.o(.text)
    USART_StructInit                         0x08002c69   Thumb Code    24  stm32f10x_usart.o(.text)
    USART_ClockInit                          0x08002c81   Thumb Code    34  stm32f10x_usart.o(.text)
    USART_ClockStructInit                    0x08002ca3   Thumb Code    12  stm32f10x_usart.o(.text)
    USART_Cmd                                0x08002caf   Thumb Code    24  stm32f10x_usart.o(.text)
    USART_ITConfig                           0x08002cc7   Thumb Code    74  stm32f10x_usart.o(.text)
    USART_DMACmd                             0x08002d11   Thumb Code    18  stm32f10x_usart.o(.text)
    USART_SetAddress                         0x08002d23   Thumb Code    18  stm32f10x_usart.o(.text)
    USART_WakeUpConfig                       0x08002d35   Thumb Code    18  stm32f10x_usart.o(.text)
    USART_ReceiverWakeUpCmd                  0x08002d47   Thumb Code    24  stm32f10x_usart.o(.text)
    USART_LINBreakDetectLengthConfig         0x08002d5f   Thumb Code    18  stm32f10x_usart.o(.text)
    USART_LINCmd                             0x08002d71   Thumb Code    24  stm32f10x_usart.o(.text)
    USART_SendData                           0x08002d89   Thumb Code     8  stm32f10x_usart.o(.text)
    USART_ReceiveData                        0x08002d91   Thumb Code    10  stm32f10x_usart.o(.text)
    USART_SendBreak                          0x08002d9b   Thumb Code    10  stm32f10x_usart.o(.text)
    USART_SetGuardTime                       0x08002da5   Thumb Code    16  stm32f10x_usart.o(.text)
    USART_SetPrescaler                       0x08002db5   Thumb Code    16  stm32f10x_usart.o(.text)
    USART_SmartCardCmd                       0x08002dc5   Thumb Code    24  stm32f10x_usart.o(.text)
    USART_SmartCardNACKCmd                   0x08002ddd   Thumb Code    24  stm32f10x_usart.o(.text)
    USART_HalfDuplexCmd                      0x08002df5   Thumb Code    24  stm32f10x_usart.o(.text)
    USART_OverSampling8Cmd                   0x08002e0d   Thumb Code    22  stm32f10x_usart.o(.text)
    USART_OneBitMethodCmd                    0x08002e23   Thumb Code    24  stm32f10x_usart.o(.text)
    USART_IrDAConfig                         0x08002e3b   Thumb Code    18  stm32f10x_usart.o(.text)
    USART_IrDACmd                            0x08002e4d   Thumb Code    24  stm32f10x_usart.o(.text)
    USART_GetFlagStatus                      0x08002e65   Thumb Code    26  stm32f10x_usart.o(.text)
    USART_ClearFlag                          0x08002e7f   Thumb Code    18  stm32f10x_usart.o(.text)
    USART_GetITStatus                        0x08002e91   Thumb Code    84  stm32f10x_usart.o(.text)
    USART_ClearITPendingBit                  0x08002ee5   Thumb Code    52  stm32f10x_usart.o(.text)
    OS_TaskStatStkChk                        0x08002f19   Thumb Code    54  os_core.o(.text)
    OS_TaskStat                              0x08002f4f   Thumb Code   116  os_core.o(.text)
    OS_TaskIdle                              0x08002ff7   Thumb Code    34  os_core.o(.text)
    OS_MemClr                                0x0800304d   Thumb Code    18  os_core.o(.text)
    OSInit                                   0x0800316b   Thumb Code    44  os_core.o(.text)
    OSIntEnter                               0x08003197   Thumb Code    28  os_core.o(.text)
    OSIntExit                                0x080031cd   Thumb Code   112  os_core.o(.text)
    OSSchedLock                              0x0800323d   Thumb Code    50  os_core.o(.text)
    OS_Sched                                 0x0800326f   Thumb Code    88  os_core.o(.text)
    OSSchedUnlock                            0x080032c7   Thumb Code   238  os_core.o(.text)
    OSStart                                  0x080033b5   Thumb Code    48  os_core.o(.text)
    OSStatInit                               0x080033e5   Thumb Code    62  os_core.o(.text)
    OSTimeTick                               0x08003423   Thumb Code   210  os_core.o(.text)
    OSVersion                                0x080034f5   Thumb Code     6  os_core.o(.text)
    OS_Dummy                                 0x080034fb   Thumb Code     2  os_core.o(.text)
    OS_EventTaskRemove                       0x080034fd   Thumb Code    42  os_core.o(.text)
    OS_EventTaskRdy                          0x08003527   Thumb Code   114  os_core.o(.text)
    OS_EventTaskWait                         0x08003599   Thumb Code   112  os_core.o(.text)
    OS_EventWaitListInit                     0x08003609   Thumb Code    28  os_core.o(.text)
    OS_MemCopy                               0x08003625   Thumb Code    20  os_core.o(.text)
    OS_StrLen                                0x08003639   Thumb Code    20  os_core.o(.text)
    OS_TCBInit                               0x0800364d   Thumb Code   280  os_core.o(.text)
    OSFlagAccept                             0x080037a9   Thumb Code   252  os_flag.o(.text)
    OSFlagCreate                             0x080038a5   Thumb Code    86  os_flag.o(.text)
    OS_FlagUnlink                            0x080038fb   Thumb Code    36  os_flag.o(.text)
    OSFlagDel                                0x08003971   Thumb Code   214  os_flag.o(.text)
    OSFlagNameGet                            0x08003a47   Thumb Code    80  os_flag.o(.text)
    OSFlagNameSet                            0x08003a97   Thumb Code    66  os_flag.o(.text)
    OSFlagPend                               0x08003b71   Thumb Code   614  os_flag.o(.text)
    OSFlagPendGetFlagsRdy                    0x08003dd7   Thumb Code    26  os_flag.o(.text)
    OSFlagPost                               0x08003df1   Thumb Code   312  os_flag.o(.text)
    OSFlagQuery                              0x08003f29   Thumb Code    48  os_flag.o(.text)
    OS_FlagInit                              0x08003f59   Thumb Code    78  os_flag.o(.text)
    OSQAccept                                0x08003fb5   Thumb Code    88  os_q.o(.text)
    OSQCreate                                0x0800400d   Thumb Code   140  os_q.o(.text)
    OSQDel                                   0x08004099   Thumb Code   236  os_q.o(.text)
    OSQFlush                                 0x08004185   Thumb Code    36  os_q.o(.text)
    OSQPend                                  0x080041a9   Thumb Code   272  os_q.o(.text)
    OSQPendAbort                             0x080042b9   Thumb Code   128  os_q.o(.text)
    OSQPost                                  0x08004339   Thumb Code   114  os_q.o(.text)
    OSQPostFront                             0x080043ab   Thumb Code   136  os_q.o(.text)
    OSQPostOpt                               0x08004433   Thumb Code   182  os_q.o(.text)
    OSQQuery                                 0x080044e9   Thumb Code    98  os_q.o(.text)
    OS_QInit                                 0x0800454b   Thumb Code    72  os_q.o(.text)
    OSTaskChangePrio                         0x0800459d   Thumb Code   308  os_task.o(.text)
    OSTaskCreate                             0x080046d1   Thumb Code   148  os_task.o(.text)
    OS_TaskStkClr                            0x08004765   Thumb Code    26  os_task.o(.text)
    OSTaskCreateExt                          0x0800477f   Thumb Code   170  os_task.o(.text)
    OSTaskDel                                0x08004829   Thumb Code   294  os_task.o(.text)
    OSTaskDelReq                             0x0800494f   Thumb Code   144  os_task.o(.text)
    OSTaskNameGet                            0x080049df   Thumb Code   114  os_task.o(.text)
    OSTaskNameSet                            0x08004a51   Thumb Code    98  os_task.o(.text)
    OSTaskResume                             0x08004ab3   Thumb Code   154  os_task.o(.text)
    OSTaskStkChk                             0x08004b4d   Thumb Code   132  os_task.o(.text)
    OSTaskSuspend                            0x08004bd1   Thumb Code   152  os_task.o(.text)
    OSTaskQuery                              0x08004c69   Thumb Code    82  os_task.o(.text)
    OSTaskRegGet                             0x08004cbb   Thumb Code    60  os_task.o(.text)
    OSTaskRegSet                             0x08004cf7   Thumb Code    62  os_task.o(.text)
    OS_TaskReturn                            0x08004d35   Thumb Code    18  os_task.o(.text)
    OSTimeDly                                0x08004d61   Thumb Code   100  os_time.o(.text)
    OSTimeDlyHMSM                            0x08004dc5   Thumb Code    86  os_time.o(.text)
    OSTimeDlyResume                          0x08004e1b   Thumb Code   168  os_time.o(.text)
    OSTimeGet                                0x08004ec3   Thumb Code    24  os_time.o(.text)
    OSTimeSet                                0x08004edb   Thumb Code    24  os_time.o(.text)
    OS_CPU_SR_Save                           0x08004f11   Thumb Code     0  os_cpu_a.o(.text)
    OS_CPU_SR_Restore                        0x08004f19   Thumb Code     0  os_cpu_a.o(.text)
    OSStartHighRdy                           0x08004f1f   Thumb Code     0  os_cpu_a.o(.text)
    OSCtxSw                                  0x08004f41   Thumb Code     0  os_cpu_a.o(.text)
    OSIntCtxSw                               0x08004f4f   Thumb Code     0  os_cpu_a.o(.text)
    PendSV_Handler                           0x08004f5f   Thumb Code     0  os_cpu_a.o(.text)
    OSInitHookBegin                          0x08004fc5   Thumb Code     2  os_cpu_c.o(.text)
    OSInitHookEnd                            0x08004fc7   Thumb Code     2  os_cpu_c.o(.text)
    OSTaskCreateHook                         0x08004fc9   Thumb Code     2  os_cpu_c.o(.text)
    OSTaskDelHook                            0x08004fcb   Thumb Code     2  os_cpu_c.o(.text)
    OSTaskIdleHook                           0x08004fcd   Thumb Code     2  os_cpu_c.o(.text)
    OSTaskStatHook                           0x08004fcf   Thumb Code     2  os_cpu_c.o(.text)
    OSTaskStkInit                            0x08004fd1   Thumb Code   154  os_cpu_c.o(.text)
    OSTaskSwHook                             0x0800506b   Thumb Code     2  os_cpu_c.o(.text)
    OSTCBInitHook                            0x0800506d   Thumb Code     2  os_cpu_c.o(.text)
    OSTimeTickHook                           0x0800506f   Thumb Code     2  os_cpu_c.o(.text)
    OSTaskReturnHook                         0x08005071   Thumb Code     2  os_cpu_c.o(.text)
    Upload_01                                0x08005075   Thumb Code   230  nrf_upload.o(.text)
    Upload_02                                0x0800515b   Thumb Code   196  nrf_upload.o(.text)
    Upload_03                                0x0800521f   Thumb Code   270  nrf_upload.o(.text)
    Upload_06                                0x0800532d   Thumb Code   162  nrf_upload.o(.text)
    Upload_10                                0x080053cf   Thumb Code   234  nrf_upload.o(.text)
    SPI1_ReadWriteByte                       0x080054b9   Thumb Code    78  spi1_24l01.o(.text)
    SPI1_SetSpeed                            0x08005507   Thumb Code    36  spi1_24l01.o(.text)
    SPI1_NRF24L01_Init                       0x0800552b   Thumb Code   198  spi1_24l01.o(.text)
    SPI1_NRF24L01_Read_Buf                   0x080055f1   Thumb Code    56  spi1_24l01.o(.text)
    SPI1_NRF24L01_Write_Buf                  0x08005629   Thumb Code    56  spi1_24l01.o(.text)
    SPI1_NRF24L01_Check                      0x08005661   Thumb Code    66  spi1_24l01.o(.text)
    SPI1_NRF24L01_Write_Reg                  0x080056a3   Thumb Code    38  spi1_24l01.o(.text)
    SPI1_NRF24L01_Read_Reg                   0x080056c9   Thumb Code    36  spi1_24l01.o(.text)
    SPI1_NRF24L01_TxPacket                   0x080056ed   Thumb Code   314  spi1_24l01.o(.text)
    SPI1_NRF24l01_Mode                       0x08005827   Thumb Code   312  spi1_24l01.o(.text)
    mpu_reg_dump                             0x080059ef   Thumb Code    84  inv_mpu.o(.text)
    mpu_read_reg                             0x08005a43   Thumb Code    66  inv_mpu.o(.text)
    mpu_set_int_latched                      0x08005a85   Thumb Code   102  inv_mpu.o(.text)
    mpu_set_sensors                          0x08005aeb   Thumb Code   202  inv_mpu.o(.text)
    mpu_set_bypass                           0x08005bb5   Thumb Code   328  inv_mpu.o(.text)
    mpu_reset_fifo                           0x08005cfd   Thumb Code   472  inv_mpu.o(.text)
    mpu_configure_fifo                       0x08005ed5   Thumb Code   106  inv_mpu.o(.text)
    mpu_set_lpf                              0x08005f3f   Thumb Code   126  inv_mpu.o(.text)
    mpu_lp_accel_mode                        0x08005fbd   Thumb Code   218  inv_mpu.o(.text)
    mpu_set_sample_rate                      0x08006097   Thumb Code   152  inv_mpu.o(.text)
    mpu_set_accel_fsr                        0x0800612f   Thumb Code   132  inv_mpu.o(.text)
    mpu_set_gyro_fsr                         0x080061b3   Thumb Code   132  inv_mpu.o(.text)
    mpu_init                                 0x08006237   Thumb Code   416  inv_mpu.o(.text)
    mget_ms                                  0x080063d7   Thumb Code     2  inv_mpu.o(.text)
    mpu_get_gyro_reg                         0x080063d9   Thumb Code   110  inv_mpu.o(.text)
    mpu_get_accel_reg                        0x08006447   Thumb Code   110  inv_mpu.o(.text)
    mpu_get_temperature                      0x080064b5   Thumb Code   150  inv_mpu.o(.text)
    mpu_set_accel_bias                       0x0800654b   Thumb Code   468  inv_mpu.o(.text)
    mpu_get_gyro_fsr                         0x0800671f   Thumb Code    64  inv_mpu.o(.text)
    mpu_get_accel_fsr                        0x0800675f   Thumb Code    72  inv_mpu.o(.text)
    mpu_get_lpf                              0x080067a7   Thumb Code    74  inv_mpu.o(.text)
    mpu_get_sample_rate                      0x080067f1   Thumb Code    26  inv_mpu.o(.text)
    mpu_get_compass_sample_rate              0x0800680b   Thumb Code    10  inv_mpu.o(.text)
    mpu_set_compass_sample_rate              0x08006815   Thumb Code     8  inv_mpu.o(.text)
    mpu_get_gyro_sens                        0x0800681d   Thumb Code    58  inv_mpu.o(.text)
    mpu_get_accel_sens                       0x08006857   Thumb Code    78  inv_mpu.o(.text)
    mpu_get_fifo_config                      0x080068a5   Thumb Code    12  inv_mpu.o(.text)
    mpu_get_power_state                      0x080068b1   Thumb Code    22  inv_mpu.o(.text)
    mpu_get_int_status                       0x080068c7   Thumb Code    64  inv_mpu.o(.text)
    mpu_read_fifo                            0x08006907   Thumb Code   520  inv_mpu.o(.text)
    mpu_read_fifo_stream                     0x08006b0f   Thumb Code   186  inv_mpu.o(.text)
    mpu_set_int_level                        0x08006bc9   Thumb Code    12  inv_mpu.o(.text)
    mpu_set_dmp_state                        0x080072a9   Thumb Code   138  inv_mpu.o(.text)
    mpu_run_self_test                        0x08007333   Thumb Code   278  inv_mpu.o(.text)
    mpu_write_mem                            0x08007449   Thumb Code   122  inv_mpu.o(.text)
    mpu_read_mem                             0x080074c3   Thumb Code   122  inv_mpu.o(.text)
    mpu_load_firmware                        0x0800753d   Thumb Code   190  inv_mpu.o(.text)
    mpu_get_dmp_state                        0x080075fb   Thumb Code    14  inv_mpu.o(.text)
    setup_compass                            0x08007609   Thumb Code     6  inv_mpu.o(.text)
    mpu_get_compass_reg                      0x0800760f   Thumb Code     8  inv_mpu.o(.text)
    mpu_get_compass_fsr                      0x08007617   Thumb Code     8  inv_mpu.o(.text)
    mpu_lp_motion_interrupt                  0x0800761f   Thumb Code   512  inv_mpu.o(.text)
    run_self_test                            0x0800781f   Thumb Code   148  inv_mpu.o(.text)
    inv_row_2_scale                          0x080078b3   Thumb Code    78  inv_mpu.o(.text)
    inv_orientation_matrix_to_scalar         0x08007901   Thumb Code    40  inv_mpu.o(.text)
    mpu_dmp_init                             0x08007929   Thumb Code   150  inv_mpu.o(.text)
    mpu_dmp_get_data                         0x080079bf   Thumb Code   590  inv_mpu.o(.text)
    dmp_load_motion_driver_firmware          0x08007c11   Thumb Code    20  inv_mpu_dmp_motion_driver.o(.text)
    dmp_set_orientation                      0x08007c25   Thumb Code   290  inv_mpu_dmp_motion_driver.o(.text)
    dmp_set_gyro_bias                        0x08007d47   Thumb Code   294  inv_mpu_dmp_motion_driver.o(.text)
    dmp_set_accel_bias                       0x08007e6d   Thumb Code   300  inv_mpu_dmp_motion_driver.o(.text)
    dmp_set_fifo_rate                        0x08007f99   Thumb Code   136  inv_mpu_dmp_motion_driver.o(.text)
    dmp_get_fifo_rate                        0x08008021   Thumb Code    12  inv_mpu_dmp_motion_driver.o(.text)
    dmp_set_tap_thresh                       0x0800802d   Thumb Code   396  inv_mpu_dmp_motion_driver.o(.text)
    dmp_set_tap_axes                         0x080081b9   Thumb Code    70  inv_mpu_dmp_motion_driver.o(.text)
    dmp_set_tap_count                        0x080081ff   Thumb Code    38  inv_mpu_dmp_motion_driver.o(.text)
    dmp_set_tap_time                         0x08008225   Thumb Code    38  inv_mpu_dmp_motion_driver.o(.text)
    dmp_set_tap_time_multi                   0x0800824b   Thumb Code    38  inv_mpu_dmp_motion_driver.o(.text)
    dmp_set_shake_reject_thresh              0x08008271   Thumb Code    56  inv_mpu_dmp_motion_driver.o(.text)
    dmp_set_shake_reject_time                0x080082a9   Thumb Code    38  inv_mpu_dmp_motion_driver.o(.text)
    dmp_set_shake_reject_timeout             0x080082cf   Thumb Code    38  inv_mpu_dmp_motion_driver.o(.text)
    dmp_get_pedometer_step_count             0x080082f5   Thumb Code    66  inv_mpu_dmp_motion_driver.o(.text)
    dmp_set_pedometer_step_count             0x08008337   Thumb Code    42  inv_mpu_dmp_motion_driver.o(.text)
    dmp_get_pedometer_walk_time              0x08008361   Thumb Code    72  inv_mpu_dmp_motion_driver.o(.text)
    dmp_set_pedometer_walk_time              0x080083a9   Thumb Code    48  inv_mpu_dmp_motion_driver.o(.text)
    dmp_enable_6x_lp_quat                    0x080083d9   Thumb Code    84  inv_mpu_dmp_motion_driver.o(.text)
    dmp_enable_lp_quat                       0x0800842d   Thumb Code    60  inv_mpu_dmp_motion_driver.o(.text)
    dmp_enable_gyro_cal                      0x08008469   Thumb Code    62  inv_mpu_dmp_motion_driver.o(.text)
    dmp_enable_feature                       0x080084a7   Thumb Code   530  inv_mpu_dmp_motion_driver.o(.text)
    dmp_get_enabled_features                 0x080086b9   Thumb Code    12  inv_mpu_dmp_motion_driver.o(.text)
    dmp_set_interrupt_mode                   0x08008723   Thumb Code    66  inv_mpu_dmp_motion_driver.o(.text)
    dmp_read_fifo                            0x08008765   Thumb Code   514  inv_mpu_dmp_motion_driver.o(.text)
    dmp_register_tap_cb                      0x08008967   Thumb Code    10  inv_mpu_dmp_motion_driver.o(.text)
    dmp_register_android_orient_cb           0x08008971   Thumb Code    10  inv_mpu_dmp_motion_driver.o(.text)
    MPU_Write_Byte                           0x08008981   Thumb Code    68  mpu6050.o(.text)
    MPU_Set_LPF                              0x080089c5   Thumb Code    58  mpu6050.o(.text)
    MPU_Set_Rate                             0x080089ff   Thumb Code    58  mpu6050.o(.text)
    MPU_Read_Byte                            0x08008a39   Thumb Code    58  mpu6050.o(.text)
    MPU_Set_Accel_Fsr                        0x08008a73   Thumb Code    16  mpu6050.o(.text)
    MPU_Set_Gyro_Fsr                         0x08008a83   Thumb Code    16  mpu6050.o(.text)
    MPU_Init                                 0x08008a93   Thumb Code   126  mpu6050.o(.text)
    MPU_Read_Len                             0x08008b11   Thumb Code   116  mpu6050.o(.text)
    MPU_Get_Temperature                      0x08008b85   Thumb Code    86  mpu6050.o(.text)
    MPU_Get_Gyroscope                        0x08008bdb   Thumb Code    72  mpu6050.o(.text)
    MPU_Get_Accelerometer                    0x08008c23   Thumb Code    72  mpu6050.o(.text)
    MPU_Write_Len                            0x08008c6b   Thumb Code    96  mpu6050.o(.text)
    IIC_Init                                 0x08008cdd   Thumb Code    50  myiic.o(.text)
    IIC_Start                                0x08008d0f   Thumb Code    68  myiic.o(.text)
    IIC_Stop                                 0x08008d53   Thumb Code    70  myiic.o(.text)
    IIC_Wait_Ack                             0x08008d99   Thumb Code    90  myiic.o(.text)
    IIC_Ack                                  0x08008df3   Thumb Code    74  myiic.o(.text)
    IIC_NAck                                 0x08008e3d   Thumb Code    74  myiic.o(.text)
    IIC_Send_Byte                            0x08008e87   Thumb Code    96  myiic.o(.text)
    IIC_Read_Byte                            0x08008ee7   Thumb Code   104  myiic.o(.text)
    __use_no_semihosting                     0x08008f5d   Thumb Code     2  use_no_semi_2.o(.text)
    __aeabi_ldivmod                          0x08008f5f   Thumb Code     0  llsdiv.o(.text)
    _ll_sdiv                                 0x08008f5f   Thumb Code    72  llsdiv.o(.text)
    __2printf                                0x08008fa9   Thumb Code    20  noretval__2printf.o(.text)
    _printf_pre_padding                      0x08008fc1   Thumb Code    44  _printf_pad.o(.text)
    _printf_post_padding                     0x08008fed   Thumb Code    34  _printf_pad.o(.text)
    _printf_int_dec                          0x08009011   Thumb Code   100  _printf_dec.o(.text)
    _printf_int_hex                          0x08009085   Thumb Code    84  _printf_hex_int.o(.text)
    _printf_longlong_hex                     0x08009085   Thumb Code     0  _printf_hex_int.o(.text)
    __printf                                 0x080090dd   Thumb Code   308  __printf_flags_wp.o(.text)
    memcmp                                   0x08009215   Thumb Code    88  memcmp.o(.text)
    __aeabi_memset                           0x0800926d   Thumb Code    16  aeabi_memset.o(.text)
    __aeabi_memclr4                          0x0800927d   Thumb Code     0  rt_memclr_w.o(.text)
    __aeabi_memclr8                          0x0800927d   Thumb Code     0  rt_memclr_w.o(.text)
    __rt_memclr_w                            0x0800927d   Thumb Code    78  rt_memclr_w.o(.text)
    _memset_w                                0x08009281   Thumb Code     0  rt_memclr_w.o(.text)
    __use_two_region_memory                  0x080092cb   Thumb Code     2  heapauxi.o(.text)
    __rt_heap_escrow$2region                 0x080092cd   Thumb Code     2  heapauxi.o(.text)
    __rt_heap_expand$2region                 0x080092cf   Thumb Code     2  heapauxi.o(.text)
    __I$use$semihosting                      0x080092d1   Thumb Code     0  use_no_semi.o(.text)
    __use_no_semihosting_swi                 0x080092d1   Thumb Code     2  use_no_semi.o(.text)
    __aeabi_uldivmod                         0x080092d3   Thumb Code     0  lludivv7m.o(.text)
    _ll_udiv                                 0x080092d3   Thumb Code   238  lludivv7m.o(.text)
    __read_errno                             0x080093c1   Thumb Code    10  _rserrno.o(.text)
    __set_errno                              0x080093cb   Thumb Code    12  _rserrno.o(.text)
    _printf_int_common                       0x080093d7   Thumb Code   178  _printf_intcommon.o(.text)
    _printf_char_file                        0x08009489   Thumb Code    32  _printf_char_file.o(.text)
    __aeabi_memclr                           0x080094ad   Thumb Code     0  rt_memclr.o(.text)
    __rt_memclr                              0x080094ad   Thumb Code    68  rt_memclr.o(.text)
    _memset                                  0x080094b1   Thumb Code     0  rt_memclr.o(.text)
    __aeabi_errno_addr                       0x080094f1   Thumb Code     8  rt_errno_addr_intlibspace.o(.text)
    __errno$intlibspace                      0x080094f1   Thumb Code     0  rt_errno_addr_intlibspace.o(.text)
    __rt_errno_addr$intlibspace              0x080094f1   Thumb Code     0  rt_errno_addr_intlibspace.o(.text)
    _printf_char_common                      0x08009503   Thumb Code    32  _printf_char_common.o(.text)
    ferror                                   0x08009529   Thumb Code     8  ferror.o(.text)
    __user_libspace                          0x08009531   Thumb Code     8  libspace.o(.text)
    __user_perproc_libspace                  0x08009531   Thumb Code     0  libspace.o(.text)
    __user_perthread_libspace                0x08009531   Thumb Code     0  libspace.o(.text)
    __user_setup_stackheap                   0x08009539   Thumb Code    74  sys_stackheap_outer.o(.text)
    exit                                     0x08009583   Thumb Code    12  exit.o(.text)
    __ARM_fpclassify                         0x0800958f   Thumb Code    40  fpclassify.o(i.__ARM_fpclassify)
    __kernel_poly                            0x080095b7   Thumb Code   170  poly.o(i.__kernel_poly)
    __mathlib_dbl_underflow                  0x08009661   Thumb Code    10  dunder.o(i.__mathlib_dbl_underflow)
    _is_digit                                0x08009671   Thumb Code    14  __printf_wp.o(i._is_digit)
    asin                                     0x08009681   Thumb Code   584  asin.o(i.asin)
    atan                                     0x080098fd   Thumb Code   478  atan.o(i.atan)
    atan2                                    0x08009b21   Thumb Code   346  atan2.o(i.atan2)
    sqrt                                     0x08009ca1   Thumb Code    76  sqrt.o(i.sqrt)
    __aeabi_d2f                              0x08009ced   Thumb Code     0  d2f.o(x$fpl$d2f)
    _d2f                                     0x08009ced   Thumb Code    98  d2f.o(x$fpl$d2f)
    __aeabi_dadd                             0x08009d51   Thumb Code     0  daddsub_clz.o(x$fpl$dadd)
    _dadd                                    0x08009d51   Thumb Code   332  daddsub_clz.o(x$fpl$dadd)
    __fpl_dcheck_NaN1                        0x08009ea1   Thumb Code    10  dcheck1.o(x$fpl$dcheck1)
    __aeabi_ddiv                             0x08009eb1   Thumb Code     0  ddiv.o(x$fpl$ddiv)
    _ddiv                                    0x08009eb1   Thumb Code   552  ddiv.o(x$fpl$ddiv)
    __aeabi_d2iz                             0x0800a161   Thumb Code     0  dfix.o(x$fpl$dfix)
    _dfix                                    0x0800a161   Thumb Code    94  dfix.o(x$fpl$dfix)
    __aeabi_i2d                              0x0800a1bf   Thumb Code     0  dflt_clz.o(x$fpl$dflt)
    _dflt                                    0x0800a1bf   Thumb Code    46  dflt_clz.o(x$fpl$dflt)
    __aeabi_ui2d                             0x0800a1ed   Thumb Code     0  dflt_clz.o(x$fpl$dfltu)
    _dfltu                                   0x0800a1ed   Thumb Code    38  dflt_clz.o(x$fpl$dfltu)
    __aeabi_dmul                             0x0800a215   Thumb Code     0  dmul.o(x$fpl$dmul)
    _dmul                                    0x0800a215   Thumb Code   332  dmul.o(x$fpl$dmul)
    __fpl_dnaninf                            0x0800a369   Thumb Code   156  dnaninf.o(x$fpl$dnaninf)
    __fpl_dretinf                            0x0800a405   Thumb Code    12  dretinf.o(x$fpl$dretinf)
    __aeabi_drsub                            0x0800a411   Thumb Code     0  daddsub_clz.o(x$fpl$drsb)
    _drsb                                    0x0800a411   Thumb Code    22  daddsub_clz.o(x$fpl$drsb)
    _dsqrt                                   0x0800a429   Thumb Code   456  dsqrt_noumaal.o(x$fpl$dsqrt)
    __aeabi_dsub                             0x0800a5f5   Thumb Code     0  daddsub_clz.o(x$fpl$dsub)
    _dsub                                    0x0800a5f5   Thumb Code   464  daddsub_clz.o(x$fpl$dsub)
    __aeabi_f2d                              0x0800a7c9   Thumb Code     0  f2d.o(x$fpl$f2d)
    _f2d                                     0x0800a7c9   Thumb Code    86  f2d.o(x$fpl$f2d)
    __aeabi_fadd                             0x0800a821   Thumb Code     0  faddsub_clz.o(x$fpl$fadd)
    _fadd                                    0x0800a821   Thumb Code   196  faddsub_clz.o(x$fpl$fadd)
    __fpl_fcmp_Inf                           0x0800a8e5   Thumb Code    24  fcmpi.o(x$fpl$fcmpinf)
    __aeabi_fdiv                             0x0800a8fd   Thumb Code     0  fdiv.o(x$fpl$fdiv)
    _fdiv                                    0x0800a8fd   Thumb Code   384  fdiv.o(x$fpl$fdiv)
    __aeabi_cfcmpeq                          0x0800aa81   Thumb Code     0  feqf.o(x$fpl$feqf)
    _fcmpeq                                  0x0800aa81   Thumb Code   104  feqf.o(x$fpl$feqf)
    __aeabi_f2iz                             0x0800aae9   Thumb Code     0  ffix.o(x$fpl$ffix)
    _ffix                                    0x0800aae9   Thumb Code    54  ffix.o(x$fpl$ffix)
    __aeabi_f2uiz                            0x0800ab21   Thumb Code     0  ffixu.o(x$fpl$ffixu)
    _ffixu                                   0x0800ab21   Thumb Code    62  ffixu.o(x$fpl$ffixu)
    __aeabi_i2f                              0x0800ab61   Thumb Code     0  fflt_clz.o(x$fpl$fflt)
    _fflt                                    0x0800ab61   Thumb Code    48  fflt_clz.o(x$fpl$fflt)
    __aeabi_ui2f                             0x0800ab91   Thumb Code     0  fflt_clz.o(x$fpl$ffltu)
    _ffltu                                   0x0800ab91   Thumb Code    38  fflt_clz.o(x$fpl$ffltu)
    __aeabi_cfcmple                          0x0800abb9   Thumb Code     0  fleqf.o(x$fpl$fleqf)
    _fcmple                                  0x0800abb9   Thumb Code   104  fleqf.o(x$fpl$fleqf)
    __fpl_fcmple_InfNaN                      0x0800ac0b   Thumb Code     0  fleqf.o(x$fpl$fleqf)
    __aeabi_fmul                             0x0800ac21   Thumb Code     0  fmul.o(x$fpl$fmul)
    _fmul                                    0x0800ac21   Thumb Code   258  fmul.o(x$fpl$fmul)
    __fpl_fnaninf                            0x0800ad23   Thumb Code   140  fnaninf.o(x$fpl$fnaninf)
    __fpl_fretinf                            0x0800adaf   Thumb Code    10  fretinf.o(x$fpl$fretinf)
    __aeabi_cfrcmple                         0x0800adb9   Thumb Code     0  frleqf.o(x$fpl$frleqf)
    _frcmple                                 0x0800adb9   Thumb Code    98  frleqf.o(x$fpl$frleqf)
    __aeabi_fsub                             0x0800ae1d   Thumb Code     0  faddsub_clz.o(x$fpl$fsub)
    _fsub                                    0x0800ae1d   Thumb Code   234  faddsub_clz.o(x$fpl$fsub)
    __fpl_return_NaN                         0x0800af07   Thumb Code   100  retnan.o(x$fpl$retnan)
    __ARM_scalbn                             0x0800af6b   Thumb Code    92  scalbn.o(x$fpl$scalbn)
    __fpl_cmpreturn                          0x0800afc7   Thumb Code    48  trapv.o(x$fpl$trapveneer)
    OSUnMapTbl                               0x0800aff6   Data         256  os_core.o(.constdata)
    __I$use$fp                               0x0800aff6   Number         0  usenofp.o(x$fpl$usenofp)
    TX_ADDRESS                               0x0800b0f6   Data           5  spi1_24l01.o(.constdata)
    RX_ADDRESS                               0x0800b0fb   Data           5  spi1_24l01.o(.constdata)
    reg                                      0x0800b100   Data          27  inv_mpu.o(.constdata)
    hw                                       0x0800b11c   Data          12  inv_mpu.o(.constdata)
    test                                     0x0800b128   Data          40  inv_mpu.o(.constdata)
    __mathlib_zero                           0x0800be68   Data           8  qnan.o(.constdata)
    Region$$Table$$Base                      0x0800bec0   Number         0  anon$$obj.o(Region$$Table)
    Region$$Table$$Limit                     0x0800bee0   Number         0  anon$$obj.o(Region$$Table)
    armed                                    0x20000000   Data           1  main.o(.data)
    temp                                     0x20000004   Data           4  main.o(.data)
    i                                        0x20000008   Data           1  main.o(.data)
    SystemCoreClock                          0x2000000c   Data           4  system_stm32f10x.o(.data)
    AHBPrescTable                            0x20000010   Data          16  system_stm32f10x.o(.data)
    speed0                                   0x20000020   Data           2  control.o(.data)
    speed1                                   0x20000022   Data           2  control.o(.data)
    speed2                                   0x20000024   Data           2  control.o(.data)
    speed3                                   0x20000026   Data           2  control.o(.data)
    OUT_P                                    0x20000028   Data           4  control.o(.data)
    OUT_I                                    0x2000002c   Data           4  control.o(.data)
    OUT_D                                    0x20000030   Data           4  control.o(.data)
    IN_P                                     0x20000034   Data           4  control.o(.data)
    IN_I                                     0x20000038   Data           4  control.o(.data)
    IN_D                                     0x2000003c   Data           4  control.o(.data)
    armed_flag                               0x20000060   Data           1  rc.o(.data)
    TIM5CH1_CAPTURE_STA                      0x20000061   Data           1  rc.o(.data)
    TIM5CH1_CAPTURE_UPVAL                    0x20000062   Data           2  rc.o(.data)
    TIM5CH1_CAPTURE_DOWNVAL                  0x20000064   Data           2  rc.o(.data)
    TIM5CH2_CAPTURE_STA                      0x20000066   Data           1  rc.o(.data)
    TIM5CH2_CAPTURE_UPVAL                    0x20000068   Data           2  rc.o(.data)
    TIM5CH2_CAPTURE_DOWNVAL                  0x2000006a   Data           2  rc.o(.data)
    TIM4CH1_CAPTURE_STA                      0x2000006c   Data           1  rc.o(.data)
    TIM4CH1_CAPTURE_UPVAL                    0x2000006e   Data           2  rc.o(.data)
    TIM4CH1_CAPTURE_DOWNVAL                  0x20000070   Data           2  rc.o(.data)
    TIM4CH2_CAPTURE_STA                      0x20000072   Data           1  rc.o(.data)
    TIM4CH2_CAPTURE_UPVAL                    0x20000074   Data           2  rc.o(.data)
    TIM4CH2_CAPTURE_DOWNVAL                  0x20000076   Data           2  rc.o(.data)
    TIM4CH3_CAPTURE_STA                      0x20000078   Data           1  rc.o(.data)
    TIM4CH3_CAPTURE_UPVAL                    0x2000007a   Data           2  rc.o(.data)
    TIM4CH3_CAPTURE_DOWNVAL                  0x2000007c   Data           2  rc.o(.data)
    TIM4CH4_CAPTURE_STA                      0x2000007e   Data           1  rc.o(.data)
    TIM4CH4_CAPTURE_UPVAL                    0x20000080   Data           2  rc.o(.data)
    TIM4CH4_CAPTURE_DOWNVAL                  0x20000082   Data           2  rc.o(.data)
    __stdout                                 0x20000088   Data           4  usart.o(.data)
    USART_RX_STA                             0x2000008c   Data           2  usart.o(.data)
    OSCtxSwCtr                               0x200000a4   Data           4  os_core.o(.data)
    OSEventFreeList                          0x200000a8   Data           4  os_core.o(.data)
    OSFlagFreeList                           0x200000ac   Data           4  os_core.o(.data)
    OSCPUUsage                               0x200000b0   Data           1  os_core.o(.data)
    OSIdleCtrMax                             0x200000b4   Data           4  os_core.o(.data)
    OSIdleCtrRun                             0x200000b8   Data           4  os_core.o(.data)
    OSStatRdy                                0x200000bc   Data           1  os_core.o(.data)
    OSIntNesting                             0x200000bd   Data           1  os_core.o(.data)
    OSLockNesting                            0x200000be   Data           1  os_core.o(.data)
    OSPrioCur                                0x200000bf   Data           1  os_core.o(.data)
    OSPrioHighRdy                            0x200000c0   Data           1  os_core.o(.data)
    OSRdyGrp                                 0x200000c1   Data           1  os_core.o(.data)
    OSRdyTbl                                 0x200000c2   Data           8  os_core.o(.data)
    OSRunning                                0x200000ca   Data           1  os_core.o(.data)
    OSTaskCtr                                0x200000cb   Data           1  os_core.o(.data)
    OSIdleCtr                                0x200000cc   Data           4  os_core.o(.data)
    OSTCBCur                                 0x200000d0   Data           4  os_core.o(.data)
    OSTCBFreeList                            0x200000d4   Data           4  os_core.o(.data)
    OSTCBHighRdy                             0x200000d8   Data           4  os_core.o(.data)
    OSTCBList                                0x200000dc   Data           4  os_core.o(.data)
    OSTickStepState                          0x200000e0   Data           1  os_core.o(.data)
    OSQFreeList                              0x200000e4   Data           4  os_core.o(.data)
    OSTime                                   0x200000e8   Data           4  os_core.o(.data)
    Q_ANGLE                                  0x20000124   Data          12  main.o(.bss)
    Pre_Q_ANGLE                              0x20000130   Data          12  main.o(.bss)
    Q_GYRO                                   0x2000013c   Data          12  main.o(.bss)
    RC_GET                                   0x20000148   Data          20  main.o(.bss)
    tmp_buf                                  0x2000015c   Data          32  main.o(.bss)
    NRF_payload_buf                          0x2000017c   Data          16  main.o(.bss)
    CONTROL_TASK_STK                         0x2000018c   Data         256  main.o(.bss)
    RCANL_TASK_STK                           0x2000028c   Data         256  main.o(.bss)
    UPLOAD_TASK_STK                          0x2000038c   Data         256  main.o(.bss)
    START_TASK_STK                           0x2000048c   Data         256  main.o(.bss)
    RC_CH                                    0x2000058c   Data          12  rc.o(.bss)
    OSEventTbl                               0x20000598   Data         200  os_core.o(.bss)
    OSFlagTbl                                0x20000660   Data          80  os_core.o(.bss)
    OSTaskStatStk                            0x200006b0   Data         512  os_core.o(.bss)
    OSTaskIdleStk                            0x200008b0   Data         512  os_core.o(.bss)
    OSTCBPrioTbl                             0x20000ab0   Data         256  os_core.o(.bss)
    OSTCBTbl                                 0x20000bb0   Data        1008  os_core.o(.bss)
    OSQTbl                                   0x20000fa0   Data         120  os_core.o(.bss)
    __libspace_start                         0x20001028   Data          96  libspace.o(.bss)
    __temporary_stack_top$libspace           0x20001088   Data           0  libspace.o(.bss)



==============================================================================

Memory Map of the image

  Image Entry point : 0x08000131

  Load Region LR_IROM1 (Base: 0x08000000, Size: 0x0000c004, Max: 0x00080000, ABSOLUTE)

    Execution Region ER_IROM1 (Base: 0x08000000, Size: 0x0000bee0, Max: 0x00080000, ABSOLUTE)

    Base Addr    Size         Type   Attr      Idx    E Section Name        Object

    0x08000000   0x00000130   Data   RO          320    RESET               startup_stm32f10x_hd.o
    0x08000130   0x00000008   Code   RO          970  * !!!main             c_w.l(__main.o)
    0x08000138   0x00000034   Code   RO         1282    !!!scatter          c_w.l(__scatter.o)
    0x0800016c   0x0000001a   Code   RO         1284    !!handler_copy      c_w.l(__scatter_copy.o)
    0x08000186   0x00000002   PAD
    0x08000188   0x0000001c   Code   RO         1286    !!handler_zi        c_w.l(__scatter_zi.o)
    0x080001a4   0x00000000   Code   RO          961    .ARM.Collect$$_printf_percent$$00000000  c_w.l(_printf_percent.o)
    0x080001a4   0x00000006   Code   RO          960    .ARM.Collect$$_printf_percent$$00000009  c_w.l(_printf_d.o)
    0x080001aa   0x00000006   Code   RO          959    .ARM.Collect$$_printf_percent$$0000000C  c_w.l(_printf_x.o)
    0x080001b0   0x00000004   Code   RO         1059    .ARM.Collect$$_printf_percent$$00000017  c_w.l(_printf_percent_end.o)
    0x080001b4   0x00000002   Code   RO         1152    .ARM.Collect$$libinit$$00000000  c_w.l(libinit.o)
    0x080001b6   0x00000000   Code   RO         1164    .ARM.Collect$$libinit$$00000002  c_w.l(libinit2.o)
    0x080001b6   0x00000000   Code   RO         1167    .ARM.Collect$$libinit$$00000008  c_w.l(libinit2.o)
    0x080001b6   0x00000000   Code   RO         1169    .ARM.Collect$$libinit$$0000000A  c_w.l(libinit2.o)
    0x080001b6   0x00000000   Code   RO         1171    .ARM.Collect$$libinit$$0000000C  c_w.l(libinit2.o)
    0x080001b6   0x00000000   Code   RO         1174    .ARM.Collect$$libinit$$0000000F  c_w.l(libinit2.o)
    0x080001b6   0x00000000   Code   RO         1176    .ARM.Collect$$libinit$$00000011  c_w.l(libinit2.o)
    0x080001b6   0x00000000   Code   RO         1178    .ARM.Collect$$libinit$$00000013  c_w.l(libinit2.o)
    0x080001b6   0x00000000   Code   RO         1180    .ARM.Collect$$libinit$$00000015  c_w.l(libinit2.o)
    0x080001b6   0x00000000   Code   RO         1182    .ARM.Collect$$libinit$$00000017  c_w.l(libinit2.o)
    0x080001b6   0x00000000   Code   RO         1184    .ARM.Collect$$libinit$$00000019  c_w.l(libinit2.o)
    0x080001b6   0x00000000   Code   RO         1186    .ARM.Collect$$libinit$$0000001B  c_w.l(libinit2.o)
    0x080001b6   0x00000000   Code   RO         1188    .ARM.Collect$$libinit$$0000001D  c_w.l(libinit2.o)
    0x080001b6   0x00000000   Code   RO         1190    .ARM.Collect$$libinit$$0000001F  c_w.l(libinit2.o)
    0x080001b6   0x00000000   Code   RO         1192    .ARM.Collect$$libinit$$00000021  c_w.l(libinit2.o)
    0x080001b6   0x00000000   Code   RO         1194    .ARM.Collect$$libinit$$00000023  c_w.l(libinit2.o)
    0x080001b6   0x00000000   Code   RO         1198    .ARM.Collect$$libinit$$0000002A  c_w.l(libinit2.o)
    0x080001b6   0x00000000   Code   RO         1200    .ARM.Collect$$libinit$$0000002C  c_w.l(libinit2.o)
    0x080001b6   0x00000000   Code   RO         1202    .ARM.Collect$$libinit$$0000002E  c_w.l(libinit2.o)
    0x080001b6   0x00000000   Code   RO         1204    .ARM.Collect$$libinit$$00000030  c_w.l(libinit2.o)
    0x080001b6   0x00000002   Code   RO         1205    .ARM.Collect$$libinit$$00000031  c_w.l(libinit2.o)
    0x080001b8   0x00000002   Code   RO         1235    .ARM.Collect$$libshutdown$$00000000  c_w.l(libshutdown.o)
    0x080001ba   0x00000000   Code   RO         1250    .ARM.Collect$$libshutdown$$00000003  c_w.l(libshutdown2.o)
    0x080001ba   0x00000000   Code   RO         1253    .ARM.Collect$$libshutdown$$00000006  c_w.l(libshutdown2.o)
    0x080001ba   0x00000000   Code   RO         1256    .ARM.Collect$$libshutdown$$00000009  c_w.l(libshutdown2.o)
    0x080001ba   0x00000000   Code   RO         1258    .ARM.Collect$$libshutdown$$0000000B  c_w.l(libshutdown2.o)
    0x080001ba   0x00000000   Code   RO         1261    .ARM.Collect$$libshutdown$$0000000E  c_w.l(libshutdown2.o)
    0x080001ba   0x00000002   Code   RO         1262    .ARM.Collect$$libshutdown$$0000000F  c_w.l(libshutdown2.o)
    0x080001bc   0x00000000   Code   RO         1050    .ARM.Collect$$rtentry$$00000000  c_w.l(rtentry.o)
    0x080001bc   0x00000000   Code   RO         1101    .ARM.Collect$$rtentry$$00000002  c_w.l(rtentry2.o)
    0x080001bc   0x00000006   Code   RO         1113    .ARM.Collect$$rtentry$$00000004  c_w.l(rtentry4.o)
    0x080001c2   0x00000000   Code   RO         1103    .ARM.Collect$$rtentry$$00000009  c_w.l(rtentry2.o)
    0x080001c2   0x00000004   Code   RO         1104    .ARM.Collect$$rtentry$$0000000A  c_w.l(rtentry2.o)
    0x080001c6   0x00000000   Code   RO         1106    .ARM.Collect$$rtentry$$0000000C  c_w.l(rtentry2.o)
    0x080001c6   0x00000008   Code   RO         1107    .ARM.Collect$$rtentry$$0000000D  c_w.l(rtentry2.o)
    0x080001ce   0x00000002   Code   RO         1157    .ARM.Collect$$rtexit$$00000000  c_w.l(rtexit.o)
    0x080001d0   0x00000000   Code   RO         1209    .ARM.Collect$$rtexit$$00000002  c_w.l(rtexit2.o)
    0x080001d0   0x00000004   Code   RO         1210    .ARM.Collect$$rtexit$$00000003  c_w.l(rtexit2.o)
    0x080001d4   0x00000006   Code   RO         1211    .ARM.Collect$$rtexit$$00000004  c_w.l(rtexit2.o)
    0x080001da   0x00000002   PAD
    0x080001dc   0x00000138   Code   RO            1    .text               main.o
    0x08000314   0x000001e0   Code   RO          140    .text               system_stm32f10x.o
    0x080004f4   0x00000016   Code   RO          174    .text               stm32f10x_it.o
    0x0800050a   0x00000002   PAD
    0x0800050c   0x000003f4   Code   RO          193    .text               control.o
    0x08000900   0x000006a4   Code   RO          213    .text               rc.o
    0x08000fa4   0x0000004c   Code   RO          246    .text               led.o
    0x08000ff0   0x000000f4   Code   RO          258    .text               delay.o
    0x080010e4   0x0000000c   Code   RO          272    .text               sys.o
    0x080010f0   0x000000dc   Code   RO          284    .text               usart.o
    0x080011cc   0x00000040   Code   RO          321    .text               startup_stm32f10x_hd.o
    0x0800120c   0x000000dc   Code   RO          325    .text               misc.o
    0x080012e8   0x0000035c   Code   RO          496    .text               stm32f10x_gpio.o
    0x08001644   0x000003a4   Code   RO          553    .text               stm32f10x_rcc.o
    0x080019e8   0x0000030c   Code   RO          597    .text               stm32f10x_spi.o
    0x08001cf4   0x00000e1a   Code   RO          609    .text               stm32f10x_tim.o
    0x08002b0e   0x00000002   PAD
    0x08002b10   0x00000408   Code   RO          621    .text               stm32f10x_usart.o
    0x08002f18   0x00000890   Code   RO          648    .text               os_core.o
    0x080037a8   0x0000080c   Code   RO          668    .text               os_flag.o
    0x08003fb4   0x000005e8   Code   RO          710    .text               os_q.o
    0x0800459c   0x000007c4   Code   RO          734    .text               os_task.o
    0x08004d60   0x000001b0   Code   RO          746    .text               os_time.o
    0x08004f10   0x000000b4   Code   RO          764    .text               os_cpu_a.o
    0x08004fc4   0x000000ae   Code   RO          767    .text               os_cpu_c.o
    0x08005072   0x00000002   PAD
    0x08005074   0x00000444   Code   RO          798    .text               nrf_upload.o
    0x080054b8   0x000004ac   Code   RO          811    .text               spi1_24l01.o
    0x08005964   0x000022ac   Code   RO          830    .text               inv_mpu.o
    0x08007c10   0x00000d70   Code   RO          857    .text               inv_mpu_dmp_motion_driver.o
    0x08008980   0x0000035c   Code   RO          878    .text               mpu6050.o
    0x08008cdc   0x00000280   Code   RO          890    .text               myiic.o
    0x08008f5c   0x00000002   Code   RO          904    .text               c_w.l(use_no_semi_2.o)
    0x08008f5e   0x00000048   Code   RO          906    .text               c_w.l(llsdiv.o)
    0x08008fa6   0x00000002   PAD
    0x08008fa8   0x00000018   Code   RO          910    .text               c_w.l(noretval__2printf.o)
    0x08008fc0   0x0000004e   Code   RO          914    .text               c_w.l(_printf_pad.o)
    0x0800900e   0x00000002   PAD
    0x08009010   0x00000074   Code   RO          916    .text               c_w.l(_printf_dec.o)
    0x08009084   0x00000058   Code   RO          921    .text               c_w.l(_printf_hex_int.o)
    0x080090dc   0x00000138   Code   RO          951    .text               c_w.l(__printf_flags_wp.o)
    0x08009214   0x00000058   Code   RO          962    .text               c_w.l(memcmp.o)
    0x0800926c   0x00000010   Code   RO          964    .text               c_w.l(aeabi_memset.o)
    0x0800927c   0x0000004e   Code   RO          966    .text               c_w.l(rt_memclr_w.o)
    0x080092ca   0x00000006   Code   RO          968    .text               c_w.l(heapauxi.o)
    0x080092d0   0x00000002   Code   RO         1048    .text               c_w.l(use_no_semi.o)
    0x080092d2   0x000000ee   Code   RO         1051    .text               c_w.l(lludivv7m.o)
    0x080093c0   0x00000016   Code   RO         1053    .text               c_w.l(_rserrno.o)
    0x080093d6   0x000000b2   Code   RO         1055    .text               c_w.l(_printf_intcommon.o)
    0x08009488   0x00000024   Code   RO         1057    .text               c_w.l(_printf_char_file.o)
    0x080094ac   0x00000044   Code   RO         1060    .text               c_w.l(rt_memclr.o)
    0x080094f0   0x00000008   Code   RO         1122    .text               c_w.l(rt_errno_addr_intlibspace.o)
    0x080094f8   0x00000030   Code   RO         1124    .text               c_w.l(_printf_char_common.o)
    0x08009528   0x00000008   Code   RO         1126    .text               c_w.l(ferror.o)
    0x08009530   0x00000008   Code   RO         1136    .text               c_w.l(libspace.o)
    0x08009538   0x0000004a   Code   RO         1139    .text               c_w.l(sys_stackheap_outer.o)
    0x08009582   0x0000000c   Code   RO         1145    .text               c_w.l(exit.o)
    0x0800958e   0x00000028   Code   RO         1087    i.__ARM_fpclassify  m_ws.l(fpclassify.o)
    0x080095b6   0x000000aa   Code   RO         1089    i.__kernel_poly     m_ws.l(poly.o)
    0x08009660   0x00000010   Code   RO         1085    i.__mathlib_dbl_underflow  m_ws.l(dunder.o)
    0x08009670   0x0000000e   Code   RO          949    i._is_digit         c_w.l(__printf_wp.o)
    0x0800967e   0x00000002   PAD
    0x08009680   0x0000027c   Code   RO         1031    i.asin              m_ws.l(asin.o)
    0x080098fc   0x00000224   Code   RO         1076    i.atan              m_ws.l(atan.o)
    0x08009b20   0x00000180   Code   RO         1041    i.atan2             m_ws.l(atan2.o)
    0x08009ca0   0x0000004c   Code   RO         1093    i.sqrt              m_ws.l(sqrt.o)
    0x08009cec   0x00000062   Code   RO          972    x$fpl$d2f           fz_ws.l(d2f.o)
    0x08009d4e   0x00000002   PAD
    0x08009d50   0x00000150   Code   RO          974    x$fpl$dadd          fz_ws.l(daddsub_clz.o)
    0x08009ea0   0x00000010   Code   RO         1130    x$fpl$dcheck1       fz_ws.l(dcheck1.o)
    0x08009eb0   0x000002b0   Code   RO          981    x$fpl$ddiv          fz_ws.l(ddiv.o)
    0x0800a160   0x0000005e   Code   RO          984    x$fpl$dfix          fz_ws.l(dfix.o)
    0x0800a1be   0x0000002e   Code   RO          989    x$fpl$dflt          fz_ws.l(dflt_clz.o)
    0x0800a1ec   0x00000026   Code   RO          988    x$fpl$dfltu         fz_ws.l(dflt_clz.o)
    0x0800a212   0x00000002   PAD
    0x0800a214   0x00000154   Code   RO          994    x$fpl$dmul          fz_ws.l(dmul.o)
    0x0800a368   0x0000009c   Code   RO         1062    x$fpl$dnaninf       fz_ws.l(dnaninf.o)
    0x0800a404   0x0000000c   Code   RO         1064    x$fpl$dretinf       fz_ws.l(dretinf.o)
    0x0800a410   0x00000016   Code   RO          975    x$fpl$drsb          fz_ws.l(daddsub_clz.o)
    0x0800a426   0x00000002   PAD
    0x0800a428   0x000001cc   Code   RO         1134    x$fpl$dsqrt         fz_ws.l(dsqrt_noumaal.o)
    0x0800a5f4   0x000001d4   Code   RO          976    x$fpl$dsub          fz_ws.l(daddsub_clz.o)
    0x0800a7c8   0x00000056   Code   RO          996    x$fpl$f2d           fz_ws.l(f2d.o)
    0x0800a81e   0x00000002   PAD
    0x0800a820   0x000000c4   Code   RO          998    x$fpl$fadd          fz_ws.l(faddsub_clz.o)
    0x0800a8e4   0x00000018   Code   RO         1066    x$fpl$fcmpinf       fz_ws.l(fcmpi.o)
    0x0800a8fc   0x00000184   Code   RO         1005    x$fpl$fdiv          fz_ws.l(fdiv.o)
    0x0800aa80   0x00000068   Code   RO         1008    x$fpl$feqf          fz_ws.l(feqf.o)
    0x0800aae8   0x00000036   Code   RO         1010    x$fpl$ffix          fz_ws.l(ffix.o)
    0x0800ab1e   0x00000002   PAD
    0x0800ab20   0x0000003e   Code   RO         1014    x$fpl$ffixu         fz_ws.l(ffixu.o)
    0x0800ab5e   0x00000002   PAD
    0x0800ab60   0x00000030   Code   RO         1019    x$fpl$fflt          fz_ws.l(fflt_clz.o)
    0x0800ab90   0x00000026   Code   RO         1018    x$fpl$ffltu         fz_ws.l(fflt_clz.o)
    0x0800abb6   0x00000002   PAD
    0x0800abb8   0x00000068   Code   RO         1024    x$fpl$fleqf         fz_ws.l(fleqf.o)
    0x0800ac20   0x00000102   Code   RO         1026    x$fpl$fmul          fz_ws.l(fmul.o)
    0x0800ad22   0x0000008c   Code   RO         1068    x$fpl$fnaninf       fz_ws.l(fnaninf.o)
    0x0800adae   0x0000000a   Code   RO         1070    x$fpl$fretinf       fz_ws.l(fretinf.o)
    0x0800adb8   0x00000062   Code   RO         1028    x$fpl$frleqf        fz_ws.l(frleqf.o)
    0x0800ae1a   0x00000002   PAD
    0x0800ae1c   0x000000ea   Code   RO         1000    x$fpl$fsub          fz_ws.l(faddsub_clz.o)
    0x0800af06   0x00000064   Code   RO         1155    x$fpl$retnan        fz_ws.l(retnan.o)
    0x0800af6a   0x0000005c   Code   RO         1072    x$fpl$scalbn        fz_ws.l(scalbn.o)
    0x0800afc6   0x00000030   Code   RO         1206    x$fpl$trapveneer    fz_ws.l(trapv.o)
    0x0800aff6   0x00000000   Code   RO         1074    x$fpl$usenofp       fz_ws.l(usenofp.o)
    0x0800aff6   0x00000100   Data   RO          650    .constdata          os_core.o
    0x0800b0f6   0x0000000a   Data   RO          812    .constdata          spi1_24l01.o
    0x0800b100   0x00000050   Data   RO          831    .constdata          inv_mpu.o
    0x0800b150   0x00000bf6   Data   RO          859    .constdata          inv_mpu_dmp_motion_driver.o
    0x0800bd46   0x00000028   Data   RO          922    .constdata          c_w.l(_printf_hex_int.o)
    0x0800bd6e   0x00000011   Data   RO          952    .constdata          c_w.l(__printf_flags_wp.o)
    0x0800bd7f   0x00000001   PAD
    0x0800bd80   0x00000050   Data   RO         1032    .constdata          m_ws.l(asin.o)
    0x0800bdd0   0x00000098   Data   RO         1077    .constdata          m_ws.l(atan.o)
    0x0800be68   0x00000008   Data   RO         1091    .constdata          m_ws.l(qnan.o)
    0x0800be70   0x0000004d   Data   RO          832    .conststring        inv_mpu.o
    0x0800bebd   0x00000003   PAD
    0x0800bec0   0x00000020   Data   RO         1280    Region$$Table       anon$$obj.o


    Execution Region RW_IRAM1 (Base: 0x20000000, Size: 0x00001688, Max: 0x00010000, ABSOLUTE)

    Base Addr    Size         Type   Attr      Idx    E Section Name        Object

    0x20000000   0x00000009   Data   RW            3    .data               main.o
    0x20000009   0x00000003   PAD
    0x2000000c   0x00000014   Data   RW          141    .data               system_stm32f10x.o
    0x20000020   0x00000040   Data   RW          194    .data               control.o
    0x20000060   0x00000024   Data   RW          215    .data               rc.o
    0x20000084   0x00000004   Data   RW          259    .data               delay.o
    0x20000088   0x00000006   Data   RW          286    .data               usart.o
    0x2000008e   0x00000014   Data   RW          554    .data               stm32f10x_rcc.o
    0x200000a2   0x00000002   PAD
    0x200000a4   0x00000048   Data   RW          651    .data               os_core.o
    0x200000ec   0x00000035   Data   RW          833    .data               inv_mpu.o
    0x20000121   0x00000003   PAD
    0x20000124   0x00000468   Zero   RW            2    .bss                main.o
    0x2000058c   0x0000000c   Zero   RW          214    .bss                rc.o
    0x20000598   0x00000a80   Zero   RW          649    .bss                os_core.o
    0x20001018   0x00000010   Zero   RW          858    .bss                inv_mpu_dmp_motion_driver.o
    0x20001028   0x00000060   Zero   RW         1137    .bss                c_w.l(libspace.o)
    0x20001088   0x00000200   Zero   RW          319    HEAP                startup_stm32f10x_hd.o
    0x20001288   0x00000400   Zero   RW          318    STACK               startup_stm32f10x_hd.o


==============================================================================

Image component sizes


      Code (inc. data)   RO Data    RW Data    ZI Data      Debug   Object Name

      1012        114          0         64          0       1854   control.o
         0          0          0          0          0         32   core_cm3.o
       244         20          0          4          0       1263   delay.o
      8876        196        157         53          0      23097   inv_mpu.o
      3440        126       3062          0         16      14939   inv_mpu_dmp_motion_driver.o
        76          8          0          0          0        483   led.o
       312         54          0          9       1128     271866   main.o
       220         22          0          0          0       1765   misc.o
       860         18          0          0          0       3931   mpu6050.o
       640         14          0          0          0       1824   myiic.o
      1092         50          0          0          0       2036   nrf_upload.o
      2192        218        256         72       2688      14795   os_core.o
       180         36          0          0          0        308   os_cpu_a.o
       174          0          0          0          0      10358   os_cpu_c.o
      2060         42          0          0          0       6772   os_flag.o
      1512         30          0          0          0       5497   os_q.o
      1988         70          0          0          0       7429   os_task.o
       432         30          0          0          0       1762   os_time.o
      1700        140          0         36         12       3588   rc.o
      1196         84         10          0          0       4056   spi1_24l01.o
        64         26        304          0       1536        812   startup_stm32f10x_hd.o
       860         38          0          0          0       5613   stm32f10x_gpio.o
        22          0          0          0          0        991   stm32f10x_it.o
       932         36          0         20          0       8772   stm32f10x_rcc.o
       780         14          0          0          0       6490   stm32f10x_spi.o
      3610         88          0          0          0      22096   stm32f10x_tim.o
      1032         22          0          0          0       8336   stm32f10x_usart.o
        12          0          0          0          0        437   sys.o
       480         38          0         20          0       1719   system_stm32f10x.o
       220         10          0          6          0       3049   usart.o

    ----------------------------------------------------------------------
     36224       1544       3824        292       5380     435970   Object Totals
         0          0         32          0          0          0   (incl. Generated)
         6          0          3          8          0          0   (incl. Padding)

    ----------------------------------------------------------------------

      Code (inc. data)   RO Data    RW Data    ZI Data      Debug   Library Member Name

         8          0          0          0          0         68   __main.o
       312          4         17          0          0         92   __printf_flags_wp.o
        14          0          0          0          0         68   __printf_wp.o
        52          8          0          0          0          0   __scatter.o
        26          0          0          0          0          0   __scatter_copy.o
        28          0          0          0          0          0   __scatter_zi.o
        48          6          0          0          0         96   _printf_char_common.o
        36          4          0          0          0         80   _printf_char_file.o
         6          0          0          0          0          0   _printf_d.o
       116         16          0          0          0         92   _printf_dec.o
        88          4         40          0          0         88   _printf_hex_int.o
       178          0          0          0          0         88   _printf_intcommon.o
        78          0          0          0          0        108   _printf_pad.o
         0          0          0          0          0          0   _printf_percent.o
         4          0          0          0          0          0   _printf_percent_end.o
         6          0          0          0          0          0   _printf_x.o
        22          0          0          0          0        100   _rserrno.o
        16          0          0          0          0         68   aeabi_memset.o
        12          0          0          0          0         72   exit.o
         8          0          0          0          0         68   ferror.o
         6          0          0          0          0        152   heapauxi.o
         2          0          0          0          0          0   libinit.o
         2          0          0          0          0          0   libinit2.o
         2          0          0          0          0          0   libshutdown.o
         2          0          0          0          0          0   libshutdown2.o
         8          4          0          0         96         68   libspace.o
        72          0          0          0          0         76   llsdiv.o
       238          0          0          0          0        100   lludivv7m.o
        88          0          0          0          0         76   memcmp.o
        24          4          0          0          0         84   noretval__2printf.o
         8          4          0          0          0         68   rt_errno_addr_intlibspace.o
        68          0          0          0          0         68   rt_memclr.o
        78          0          0          0          0         80   rt_memclr_w.o
         0          0          0          0          0          0   rtentry.o
        12          0          0          0          0          0   rtentry2.o
         6          0          0          0          0          0   rtentry4.o
         2          0          0          0          0          0   rtexit.o
        10          0          0          0          0          0   rtexit2.o
        74          0          0          0          0         80   sys_stackheap_outer.o
         2          0          0          0          0         68   use_no_semi.o
         2          0          0          0          0         68   use_no_semi_2.o
        98          4          0          0          0         92   d2f.o
       826         16          0          0          0        348   daddsub_clz.o
        16          4          0          0          0         68   dcheck1.o
       688        140          0          0          0        208   ddiv.o
        94          4          0          0          0         92   dfix.o
        84          0          0          0          0        136   dflt_clz.o
       340         12          0          0          0        104   dmul.o
       156          4          0          0          0         92   dnaninf.o
        12          0          0          0          0         68   dretinf.o
       460         56          0          0          0        120   dsqrt_noumaal.o
        86          4          0          0          0         84   f2d.o
       430          8          0          0          0        168   faddsub_clz.o
        24          0          0          0          0         68   fcmpi.o
       388         76          0          0          0         96   fdiv.o
       104          4          0          0          0         84   feqf.o
        54          4          0          0          0         84   ffix.o
        62          4          0          0          0         84   ffixu.o
        86          0          0          0          0        136   fflt_clz.o
       104          4          0          0          0         84   fleqf.o
       258          4          0          0          0         84   fmul.o
       140          4          0          0          0         84   fnaninf.o
        10          0          0          0          0         68   fretinf.o
        98          0          0          0          0         68   frleqf.o
       100          0          0          0          0         68   retnan.o
        92          0          0          0          0         68   scalbn.o
        48          0          0          0          0         68   trapv.o
         0          0          0          0          0          0   usenofp.o
       636         52         80          0          0        168   asin.o
       548         70        152          0          0        124   atan.o
       384         38          0          0          0        144   atan2.o
        16          6          0          0          0         68   dunder.o
        40          0          0          0          0         68   fpclassify.o
       170          0          0          0          0         96   poly.o
         0          0          8          0          0          0   qnan.o
        76          0          0          0          0         84   sqrt.o

    ----------------------------------------------------------------------
      8518        572        298          0         96       5552   Library Totals
        26          0          1          0          0          0   (incl. Padding)

    ----------------------------------------------------------------------

      Code (inc. data)   RO Data    RW Data    ZI Data      Debug   Library Name

      1764         54         57          0         96       2076   c_w.l
      4858        352          0          0          0       2724   fz_ws.l
      1870        166        240          0          0        752   m_ws.l

    ----------------------------------------------------------------------
      8518        572        298          0         96       5552   Library Totals

    ----------------------------------------------------------------------

==============================================================================


      Code (inc. data)   RO Data    RW Data    ZI Data      Debug   

     44742       2116       4122        292       5476     436110   Grand Totals
     44742       2116       4122        292       5476     436110   ELF Image Totals
     44742       2116       4122        292          0          0   ROM Totals

==============================================================================

    Total RO  Size (Code + RO Data)                48864 (  47.72kB)
    Total RW  Size (RW Data + ZI Data)              5768 (   5.63kB)
    Total ROM Size (Code + RO Data + RW Data)      49156 (  48.00kB)

==============================================================================

